13:21:40 | INFO    | STARTED
13:21:40 | INFO    | Logs: /home/fastlab/deepFakeDetection/DeepDocForgery/output/logs/prepare/20260907T082140Z-1393563-f84369.log
13:21:40 | INFO    | Prepare profile=cuda | CPU threads=28 | MIDV workers=20
13:21:40 | INFO    | CPU 54% | RAM 6.0/31.0G | RSS 0.5G
13:21:49 | INFO    | doctamper-training: 1000/120000 images | CPU 3% | RAM 5.9/31.0G | RSS 0.6G
13:21:58 | INFO    | doctamper-training: 2000/120000 images | CPU 2% | RAM 5.9/31.0G | RSS 0.8G
13:22:06 | INFO    | doctamper-training: 3000/120000 images | CPU 2% | RAM 5.9/31.0G | RSS 0.9G
13:22:15 | INFO    | doctamper-training: 4000/120000 images | CPU 2% | RAM 5.9/31.0G | RSS 1.0G
13:22:23 | INFO    | doctamper-training: 5000/120000 images | CPU 2% | RAM 5.9/31.0G | RSS 1.1G
13:22:32 | INFO    | doctamper-training: 6000/120000 images | CPU 2% | RAM 5.9/31.0G | RSS 1.3G
13:22:40 | INFO    | doctamper-training: 7000/120000 images | CPU 2% | RAM 5.9/31.0G | RSS 1.4G
13:22:49 | INFO    | doctamper-training: 8000/120000 images | CPU 2% | RAM 5.9/31.0G | RSS 1.5G
13:22:56 | INFO    | doctamper-training: 9000/120000 images | CPU 2% | RAM 6.0/31.0G | RSS 1.7G
13:23:03 | INFO    | doctamper-training: 10000/120000 images | CPU 2% | RAM 6.0/31.0G | RSS 1.8G
13:23:12 | INFO    | doctamper-training: 11000/120000 images | CPU 2% | RAM 5.9/31.0G | RSS 1.9G
13:23:21 | INFO    | doctamper-training: 12000/120000 images | CPU 2% | RAM 5.9/31.0G | RSS 2.0G
13:23:30 | INFO    | doctamper-training: 13000/120000 images | CPU 2% | RAM 5.9/31.0G | RSS 2.2G
13:23:39 | INFO    | doctamper-training: 14000/120000 images | CPU 2% | RAM 6.0/31.0G | RSS 2.3G
13:23:48 | INFO    | doctamper-training: 15000/120000 images | CPU 2% | RAM 5.9/31.0G | RSS 2.4G
13:23:56 | INFO    | doctamper-training: 16000/120000 images | CPU 2% | RAM 6.0/31.0G | RSS 2.5G
13:24:05 | INFO    | doctamper-training: 17000/120000 images | CPU 2% | RAM 5.9/31.0G | RSS 2.7G
13:24:13 | INFO    | doctamper-training: 18000/120000 images | CPU 2% | RAM 6.0/31.0G | RSS 2.8G
13:24:22 | INFO    | doctamper-training: 19000/120000 images | CPU 2% | RAM 5.9/31.0G | RSS 2.9G
13:24:30 | INFO    | doctamper-training: 20000/120000 images | CPU 2% | RAM 5.9/31.0G | RSS 3.0G
13:24:39 | INFO    | doctamper-training: 21000/120000 images | CPU 2% | RAM 6.0/31.0G | RSS 3.2G
13:24:48 | INFO    | doctamper-training: 22000/120000 images | CPU 2% | RAM 5.9/31.0G | RSS 2.9G
13:24:56 | INFO    | doctamper-training: 23000/120000 images | CPU 2% | RAM 5.9/31.0G | RSS 2.6G
13:25:06 | INFO    | doctamper-training: 24000/120000 images | CPU 2% | RAM 6.0/31.0G | RSS 2.5G
13:25:16 | INFO    | doctamper-training: 25000/120000 images | CPU 2% | RAM 6.0/31.0G | RSS 2.6G
13:25:24 | INFO    | doctamper-training: 26000/120000 images | CPU 2% | RAM 5.9/31.0G | RSS 2.6G
13:25:33 | INFO    | doctamper-training: 27000/120000 images | CPU 2% | RAM 5.9/31.0G | RSS 1.7G
13:25:42 | INFO    | doctamper-training: 28000/120000 images | CPU 2% | RAM 5.9/31.0G | RSS 1.0G
13:25:51 | INFO    | doctamper-training: 29000/120000 images | CPU 2% | RAM 6.0/31.0G | RSS 1.0G
13:25:58 | INFO    | doctamper-training: 30000/120000 images | CPU 2% | RAM 6.0/31.0G | RSS 1.1G
13:26:06 | INFO    | doctamper-training: 31000/120000 images | CPU 2% | RAM 6.0/31.0G | RSS 1.2G
13:26:16 | INFO    | doctamper-training: 32000/120000 images | CPU 2% | RAM 6.0/31.0G | RSS 1.4G
13:26:25 | INFO    | doctamper-training: 33000/120000 images | CPU 2% | RAM 6.0/31.0G | RSS 1.5G
13:26:34 | INFO    | doctamper-training: 34000/120000 images | CPU 2% | RAM 6.0/31.0G | RSS 1.6G
13:26:43 | INFO    | doctamper-training: 35000/120000 images | CPU 2% | RAM 6.0/31.0G | RSS 1.8G
13:26:51 | INFO    | doctamper-training: 36000/120000 images | CPU 2% | RAM 6.0/31.0G | RSS 1.9G
13:26:59 | INFO    | doctamper-training: 37000/120000 images | CPU 2% | RAM 6.0/31.0G | RSS 2.0G
13:27:06 | INFO    | doctamper-training: 38000/120000 images | CPU 2% | RAM 6.0/31.0G | RSS 2.1G
13:27:14 | INFO    | doctamper-training: 39000/120000 images | CPU 2% | RAM 6.0/31.0G | RSS 2.3G
13:27:21 | INFO    | doctamper-training: 40000/120000 images | CPU 2% | RAM 6.0/31.0G | RSS 2.4G
13:27:29 | INFO    | doctamper-training: 41000/120000 images | CPU 2% | RAM 6.0/31.0G | RSS 2.5G
13:27:36 | INFO    | doctamper-training: 42000/120000 images | CPU 2% | RAM 6.0/31.0G | RSS 2.7G
13:27:45 | INFO    | doctamper-training: 43000/120000 images | CPU 2% | RAM 6.0/31.0G | RSS 2.8G
13:27:52 | INFO    | doctamper-training: 44000/120000 images | CPU 2% | RAM 6.0/31.0G | RSS 2.9G
13:28:00 | INFO    | doctamper-training: 45000/120000 images | CPU 2% | RAM 6.0/31.0G | RSS 3.0G
13:28:08 | INFO    | doctamper-training: 46000/120000 images | CPU 2% | RAM 6.0/31.0G | RSS 3.2G
13:28:15 | INFO    | doctamper-training: 47000/120000 images | CPU 2% | RAM 6.0/31.0G | RSS 3.3G
13:28:23 | INFO    | doctamper-training: 48000/120000 images | CPU 2% | RAM 6.0/31.0G | RSS 3.4G
13:28:30 | INFO    | doctamper-training: 49000/120000 images | CPU 2% | RAM 6.0/31.0G | RSS 3.6G
13:28:39 | INFO    | doctamper-training: 50000/120000 images | CPU 2% | RAM 6.1/31.0G | RSS 3.7G
13:28:48 | INFO    | doctamper-training: 51000/120000 images | CPU 2% | RAM 6.0/31.0G | RSS 3.7G
13:28:56 | INFO    | doctamper-training: 52000/120000 images | CPU 2% | RAM 6.0/31.0G | RSS 3.8G
13:29:04 | INFO    | doctamper-training: 53000/120000 images | CPU 2% | RAM 6.0/31.0G | RSS 3.8G
13:29:13 | INFO    | doctamper-training: 54000/120000 images | CPU 2% | RAM 6.0/31.0G | RSS 3.8G
13:29:22 | INFO    | doctamper-training: 55000/120000 images | CPU 2% | RAM 6.0/31.0G | RSS 3.8G
13:29:31 | INFO    | doctamper-training: 56000/120000 images | CPU 2% | RAM 6.1/31.0G | RSS 3.6G
13:29:39 | INFO    | doctamper-training: 57000/120000 images | CPU 2% | RAM 6.0/31.0G | RSS 3.6G
13:29:47 | INFO    | doctamper-training: 58000/120000 images | CPU 2% | RAM 6.0/31.0G | RSS 3.6G
13:29:54 | INFO    | doctamper-training: 59000/120000 images | CPU 2% | RAM 6.2/31.0G | RSS 3.7G
13:30:02 | INFO    | doctamper-training: 60000/120000 images | CPU 2% | RAM 6.0/31.0G | RSS 3.8G
13:30:10 | INFO    | doctamper-training: 61000/120000 images | CPU 2% | RAM 6.0/31.0G | RSS 3.8G
13:30:17 | INFO    | doctamper-training: 62000/120000 images | CPU 2% | RAM 6.1/31.0G | RSS 4.0G
13:30:26 | INFO    | doctamper-training: 63000/120000 images | CPU 3% | RAM 6.1/31.0G | RSS 3.9G
13:30:35 | INFO    | doctamper-training: 64000/120000 images | CPU 2% | RAM 6.0/31.0G | RSS 3.9G
13:30:43 | INFO    | doctamper-training: 65000/120000 images | CPU 2% | RAM 6.1/31.0G | RSS 3.4G
13:30:50 | INFO    | doctamper-training: 66000/120000 images | CPU 2% | RAM 6.1/31.0G | RSS 3.2G
13:30:59 | INFO    | doctamper-training: 67000/120000 images | CPU 2% | RAM 6.0/31.0G | RSS 3.1G
13:31:06 | INFO    | doctamper-training: 68000/120000 images | CPU 2% | RAM 6.0/31.0G | RSS 3.0G
13:31:15 | INFO    | doctamper-training: 69000/120000 images | CPU 2% | RAM 6.0/31.0G | RSS 2.8G
13:31:23 | INFO    | doctamper-training: 70000/120000 images | CPU 2% | RAM 6.0/31.0G | RSS 2.5G
13:31:32 | INFO    | doctamper-training: 71000/120000 images | CPU 2% | RAM 6.0/31.0G | RSS 2.3G
13:31:41 | INFO    | doctamper-training: 72000/120000 images | CPU 2% | RAM 6.0/31.0G | RSS 2.4G
13:31:49 | INFO    | doctamper-training: 73000/120000 images | CPU 2% | RAM 6.0/31.0G | RSS 2.5G
13:31:57 | INFO    | doctamper-training: 74000/120000 images | CPU 2% | RAM 6.0/31.0G | RSS 2.4G
13:32:05 | INFO    | doctamper-training: 75000/120000 images | CPU 2% | RAM 6.0/31.0G | RSS 2.3G
13:32:13 | INFO    | doctamper-training: 76000/120000 images | CPU 2% | RAM 6.0/31.0G | RSS 2.4G
13:32:21 | INFO    | doctamper-training: 77000/120000 images | CPU 2% | RAM 6.0/31.0G | RSS 2.4G
13:32:29 | INFO    | doctamper-training: 78000/120000 images | CPU 2% | RAM 6.0/31.0G | RSS 2.5G
13:32:38 | INFO    | doctamper-training: 79000/120000 images | CPU 2% | RAM 6.0/31.0G | RSS 2.5G
13:32:47 | INFO    | doctamper-training: 80000/120000 images | CPU 2% | RAM 6.0/31.0G | RSS 2.6G
13:32:55 | INFO    | doctamper-training: 81000/120000 images | CPU 2% | RAM 6.0/31.0G | RSS 2.4G
13:33:04 | INFO    | doctamper-training: 82000/120000 images | CPU 2% | RAM 6.0/31.0G | RSS 2.5G
13:33:12 | INFO    | doctamper-training: 83000/120000 images | CPU 2% | RAM 6.0/31.0G | RSS 2.5G
13:33:20 | INFO    | doctamper-training: 84000/120000 images | CPU 2% | RAM 6.0/31.0G | RSS 2.5G
13:33:28 | INFO    | doctamper-training: 85000/120000 images | CPU 2% | RAM 6.0/31.0G | RSS 2.6G
13:33:36 | INFO    | doctamper-training: 86000/120000 images | CPU 2% | RAM 6.0/31.0G | RSS 2.7G
13:33:43 | INFO    | doctamper-training: 87000/120000 images | CPU 2% | RAM 6.0/31.0G | RSS 2.9G
13:33:51 | INFO    | doctamper-training: 88000/120000 images | CPU 2% | RAM 6.1/31.0G | RSS 3.0G
13:33:58 | INFO    | doctamper-training: 89000/120000 images | CPU 2% | RAM 6.1/31.0G | RSS 3.1G
13:34:06 | INFO    | doctamper-training: 90000/120000 images | CPU 2% | RAM 6.0/31.0G | RSS 3.2G
13:34:14 | INFO    | doctamper-training: 91000/120000 images | CPU 2% | RAM 6.0/31.0G | RSS 3.3G
13:34:23 | INFO    | doctamper-training: 92000/120000 images | CPU 2% | RAM 6.0/31.0G | RSS 3.3G
13:34:30 | INFO    | doctamper-training: 93000/120000 images | CPU 2% | RAM 6.0/31.0G | RSS 3.4G
13:34:37 | INFO    | doctamper-training: 94000/120000 images | CPU 2% | RAM 6.0/31.0G | RSS 3.3G
13:34:45 | INFO    | doctamper-training: 95000/120000 images | CPU 3% | RAM 6.0/31.0G | RSS 3.1G
13:34:52 | INFO    | doctamper-training: 96000/120000 images | CPU 2% | RAM 6.0/31.0G | RSS 3.2G
13:35:00 | INFO    | doctamper-training: 97000/120000 images | CPU 2% | RAM 6.0/31.0G | RSS 3.1G
13:35:08 | INFO    | doctamper-training: 98000/120000 images | CPU 2% | RAM 6.0/31.0G | RSS 3.2G
13:35:16 | INFO    | doctamper-training: 99000/120000 images | CPU 2% | RAM 6.0/31.0G | RSS 3.4G
13:35:23 | INFO    | doctamper-training: 100000/120000 images | CPU 2% | RAM 6.0/31.0G | RSS 3.4G
13:35:31 | INFO    | doctamper-training: 101000/120000 images | CPU 2% | RAM 6.0/31.0G | RSS 3.2G
13:35:40 | INFO    | doctamper-training: 102000/120000 images | CPU 2% | RAM 6.0/31.0G | RSS 3.1G
13:35:49 | INFO    | doctamper-training: 103000/120000 images | CPU 2% | RAM 6.1/31.0G | RSS 3.2G
13:35:58 | INFO    | doctamper-training: 104000/120000 images | CPU 2% | RAM 6.1/31.0G | RSS 3.1G
13:36:06 | INFO    | doctamper-training: 105000/120000 images | CPU 2% | RAM 6.0/31.0G | RSS 3.1G
13:36:15 | INFO    | doctamper-training: 106000/120000 images | CPU 2% | RAM 6.0/31.0G | RSS 3.0G
13:36:24 | INFO    | doctamper-training: 107000/120000 images | CPU 2% | RAM 6.0/31.0G | RSS 2.9G
13:36:33 | INFO    | doctamper-training: 108000/120000 images | CPU 2% | RAM 6.0/31.0G | RSS 2.7G
13:36:42 | INFO    | doctamper-training: 109000/120000 images | CPU 2% | RAM 6.0/31.0G | RSS 2.5G
13:36:51 | INFO    | doctamper-training: 110000/120000 images | CPU 2% | RAM 6.1/31.0G | RSS 2.4G
13:37:00 | INFO    | doctamper-training: 111000/120000 images | CPU 2% | RAM 6.1/31.0G | RSS 2.4G
13:37:09 | INFO    | doctamper-training: 112000/120000 images | CPU 2% | RAM 6.1/31.0G | RSS 2.3G
13:37:17 | INFO    | doctamper-training: 113000/120000 images | CPU 2% | RAM 6.1/31.0G | RSS 2.2G
13:37:26 | INFO    | doctamper-training: 114000/120000 images | CPU 2% | RAM 6.1/31.0G | RSS 2.0G
13:37:34 | INFO    | doctamper-training: 115000/120000 images | CPU 2% | RAM 6.0/31.0G | RSS 2.0G
13:37:43 | INFO    | doctamper-training: 116000/120000 images | CPU 2% | RAM 6.0/31.0G | RSS 1.7G
13:37:51 | INFO    | doctamper-training: 117000/120000 images | CPU 2% | RAM 6.1/31.0G | RSS 1.7G
13:38:00 | INFO    | doctamper-training: 118000/120000 images | CPU 2% | RAM 6.1/31.0G | RSS 1.7G
13:38:09 | INFO    | doctamper-training: 119000/120000 images | CPU 2% | RAM 6.0/31.0G | RSS 1.4G
13:38:18 | INFO    | doctamper-training: 120000/120000 images | CPU 2% | RAM 6.1/31.0G | RSS 1.2G
13:38:18 | INFO    | doctamper-training: 120000 records prepared
13:38:27 | INFO    | doctamper-testing: 1000/30000 images | CPU 3% | RAM 6.2/31.0G | RSS 0.7G
13:38:35 | INFO    | doctamper-testing: 2000/30000 images | CPU 2% | RAM 6.1/31.0G | RSS 0.9G
13:38:44 | INFO    | doctamper-testing: 3000/30000 images | CPU 2% | RAM 6.2/31.0G | RSS 1.0G
13:38:52 | INFO    | doctamper-testing: 4000/30000 images | CPU 2% | RAM 6.2/31.0G | RSS 1.1G
13:39:01 | INFO    | doctamper-testing: 5000/30000 images | CPU 2% | RAM 6.1/31.0G | RSS 1.1G
13:39:09 | INFO    | doctamper-testing: 6000/30000 images | CPU 2% | RAM 6.1/31.0G | RSS 1.0G
13:39:17 | INFO    | doctamper-testing: 7000/30000 images | CPU 2% | RAM 6.1/31.0G | RSS 1.0G
13:39:25 | INFO    | doctamper-testing: 8000/30000 images | CPU 2% | RAM 6.1/31.0G | RSS 1.0G
13:39:33 | INFO    | doctamper-testing: 9000/30000 images | CPU 2% | RAM 6.1/31.0G | RSS 0.8G
13:39:42 | INFO    | doctamper-testing: 10000/30000 images | CPU 2% | RAM 6.2/31.0G | RSS 0.6G
13:39:50 | INFO    | doctamper-testing: 11000/30000 images | CPU 2% | RAM 6.1/31.0G | RSS 0.6G
13:39:58 | INFO    | doctamper-testing: 12000/30000 images | CPU 3% | RAM 6.1/31.0G | RSS 0.6G
13:40:06 | INFO    | doctamper-testing: 13000/30000 images | CPU 2% | RAM 6.1/31.0G | RSS 0.7G
13:40:14 | INFO    | doctamper-testing: 14000/30000 images | CPU 2% | RAM 6.1/31.0G | RSS 0.7G
13:40:23 | INFO    | doctamper-testing: 15000/30000 images | CPU 2% | RAM 6.1/31.0G | RSS 0.8G
13:40:32 | INFO    | doctamper-testing: 16000/30000 images | CPU 2% | RAM 6.1/31.0G | RSS 0.9G
13:40:40 | INFO    | doctamper-testing: 17000/30000 images | CPU 2% | RAM 6.0/31.0G | RSS 1.0G
13:40:48 | INFO    | doctamper-testing: 18000/30000 images | CPU 2% | RAM 6.0/31.0G | RSS 1.0G
13:40:56 | INFO    | doctamper-testing: 19000/30000 images | CPU 2% | RAM 6.2/31.0G | RSS 1.1G
13:41:05 | INFO    | doctamper-testing: 20000/30000 images | CPU 2% | RAM 6.1/31.0G | RSS 1.2G
13:41:13 | INFO    | doctamper-testing: 21000/30000 images | CPU 2% | RAM 6.0/31.0G | RSS 1.3G
13:41:20 | INFO    | doctamper-testing: 22000/30000 images | CPU 3% | RAM 6.0/31.0G | RSS 1.5G
13:41:27 | INFO    | doctamper-testing: 23000/30000 images | CPU 2% | RAM 6.0/31.0G | RSS 1.6G
13:41:34 | INFO    | doctamper-testing: 24000/30000 images | CPU 2% | RAM 6.0/31.0G | RSS 1.7G
13:41:42 | INFO    | doctamper-testing: 25000/30000 images | CPU 2% | RAM 6.0/31.0G | RSS 1.8G
13:41:49 | INFO    | doctamper-testing: 26000/30000 images | CPU 2% | RAM 6.0/31.0G | RSS 1.9G
13:41:57 | INFO    | doctamper-testing: 27000/30000 images | CPU 3% | RAM 6.2/31.0G | RSS 1.9G
13:42:04 | INFO    | doctamper-testing: 28000/30000 images | CPU 2% | RAM 6.1/31.0G | RSS 2.0G
13:42:11 | INFO    | doctamper-testing: 29000/30000 images | CPU 2% | RAM 6.0/31.0G | RSS 2.1G
13:42:19 | INFO    | doctamper-testing: 30000/30000 images | CPU 2% | RAM 6.0/31.0G | RSS 2.2G
13:42:19 | INFO    | doctamper-testing: 30000 records prepared
13:42:29 | INFO    | doctamper-fcd: 1000/2000 images | CPU 2% | RAM 6.0/31.0G | RSS 0.6G
13:42:39 | INFO    | doctamper-fcd: 2000/2000 images | CPU 2% | RAM 6.0/31.0G | RSS 0.9G
13:42:39 | INFO    | doctamper-fcd: 2000 records prepared
13:42:47 | INFO    | doctamper-scd: 1000/18000 images | CPU 2% | RAM 6.0/31.0G | RSS 0.5G
13:42:55 | INFO    | doctamper-scd: 2000/18000 images | CPU 2% | RAM 6.0/31.0G | RSS 0.6G
13:43:03 | INFO    | doctamper-scd: 3000/18000 images | CPU 2% | RAM 6.0/31.0G | RSS 0.7G
13:43:10 | INFO    | doctamper-scd: 4000/18000 images | CPU 2% | RAM 6.0/31.0G | RSS 0.8G
13:43:17 | INFO    | doctamper-scd: 5000/18000 images | CPU 2% | RAM 6.0/31.0G | RSS 1.0G
13:43:23 | INFO    | doctamper-scd: 6000/18000 images | CPU 2% | RAM 6.0/31.0G | RSS 1.1G
13:43:31 | INFO    | doctamper-scd: 7000/18000 images | CPU 2% | RAM 6.0/31.0G | RSS 1.2G
13:43:38 | INFO    | doctamper-scd: 8000/18000 images | CPU 2% | RAM 6.0/31.0G | RSS 1.3G
13:43:46 | INFO    | doctamper-scd: 9000/18000 images | CPU 2% | RAM 6.0/31.0G | RSS 1.4G
13:43:54 | INFO    | doctamper-scd: 10000/18000 images | CPU 2% | RAM 6.0/31.0G | RSS 1.5G
13:44:02 | INFO    | doctamper-scd: 11000/18000 images | CPU 2% | RAM 6.0/31.0G | RSS 1.6G
13:44:09 | INFO    | doctamper-scd: 12000/18000 images | CPU 2% | RAM 6.0/31.0G | RSS 1.7G
13:44:17 | INFO    | doctamper-scd: 13000/18000 images | CPU 2% | RAM 6.0/31.0G | RSS 1.8G
13:44:24 | INFO    | doctamper-scd: 14000/18000 images | CPU 2% | RAM 6.0/31.0G | RSS 1.9G
13:44:32 | INFO    | doctamper-scd: 15000/18000 images | CPU 2% | RAM 6.0/31.0G | RSS 2.0G
13:44:39 | INFO    | doctamper-scd: 16000/18000 images | CPU 2% | RAM 6.0/31.0G | RSS 2.1G
13:44:47 | INFO    | doctamper-scd: 17000/18000 images | CPU 2% | RAM 6.0/31.0G | RSS 2.3G
13:44:55 | INFO    | doctamper-scd: 18000/18000 images | CPU 2% | RAM 6.0/31.0G | RSS 2.4G
13:44:55 | INFO    | doctamper-scd: 18000 records prepared
13:44:55 | INFO    | Scanning MIDV images under /home/fastlab/deepFakeDetection/DeepDocForgery/data/dataset-midv/images
13:44:56 | INFO    | MIDV scan found 8999 images
13:44:57 | ERROR   | FAILED: Image/mask aspect-ratio mismatch: /home/fastlab/deepFakeDetection/DeepDocForgery/data/dataset-midv/images/authentic/alb_id/11.jpg (4032, 2268) vs /home/fastlab/deepFakeDetection/DeepDocForgery/data/dataset-midv/masks/authentic/alb_id/11.png (2268, 4032)
13:44:57 | ERROR   | FAILED | CPU 6% | RAM 6.0/31.0G | RSS 0.4G
