15:36:35 | INFO    | STARTED
15:36:35 | INFO    | Logs: /home/fastlab/deepFakeDetection/DeepDocForgery/output/logs/prepare/20260908T103635Z-21388-f1defc.log
15:36:35 | INFO    | Prepare profile=cuda | CPU threads=28 | preparation workers=20
15:36:35 | INFO    | CPU 8% | RAM 4.9/31.0G | RSS 0.5G
15:36:42 | INFO    | doctamper-training: 1000/120000 images | CPU 11% | RAM 5.0/31.0G | RSS 0.8G
15:36:49 | INFO    | doctamper-training: 2000/120000 images | CPU 11% | RAM 4.9/31.0G | RSS 0.9G
15:36:55 | INFO    | doctamper-training: 3000/120000 images | CPU 11% | RAM 4.9/31.0G | RSS 1.0G
15:37:02 | INFO    | doctamper-training: 4000/120000 images | CPU 12% | RAM 4.9/31.0G | RSS 1.1G
15:37:08 | INFO    | doctamper-training: 5000/120000 images | CPU 11% | RAM 4.9/31.0G | RSS 1.3G
15:37:15 | INFO    | doctamper-training: 6000/120000 images | CPU 11% | RAM 4.9/31.0G | RSS 1.4G
15:37:21 | INFO    | doctamper-training: 7000/120000 images | CPU 11% | RAM 4.9/31.0G | RSS 1.5G
15:37:28 | INFO    | doctamper-training: 8000/120000 images | CPU 10% | RAM 4.9/31.0G | RSS 1.7G
15:37:35 | INFO    | doctamper-training: 9000/120000 images | CPU 11% | RAM 4.9/31.0G | RSS 1.8G
15:37:42 | INFO    | doctamper-training: 10000/120000 images | CPU 11% | RAM 4.9/31.0G | RSS 1.9G
15:37:48 | INFO    | doctamper-training: 11000/120000 images | CPU 11% | RAM 4.9/31.0G | RSS 2.0G
15:37:55 | INFO    | doctamper-training: 12000/120000 images | CPU 10% | RAM 4.9/31.0G | RSS 2.2G
15:38:02 | INFO    | doctamper-training: 13000/120000 images | CPU 11% | RAM 4.9/31.0G | RSS 2.3G
15:38:09 | INFO    | doctamper-training: 14000/120000 images | CPU 11% | RAM 4.9/31.0G | RSS 2.4G
15:38:15 | INFO    | doctamper-training: 15000/120000 images | CPU 11% | RAM 4.9/31.0G | RSS 2.6G
15:38:22 | INFO    | doctamper-training: 16000/120000 images | CPU 11% | RAM 4.9/31.0G | RSS 2.7G
15:38:29 | INFO    | doctamper-training: 17000/120000 images | CPU 12% | RAM 4.9/31.0G | RSS 2.8G
15:38:35 | INFO    | doctamper-training: 18000/120000 images | CPU 11% | RAM 4.9/31.0G | RSS 3.0G
15:38:41 | INFO    | doctamper-training: 19000/120000 images | CPU 12% | RAM 4.9/31.0G | RSS 3.1G
15:38:48 | INFO    | doctamper-training: 20000/120000 images | CPU 11% | RAM 4.8/31.0G | RSS 3.2G
15:38:54 | INFO    | doctamper-training: 21000/120000 images | CPU 11% | RAM 4.9/31.0G | RSS 3.3G
15:39:01 | INFO    | doctamper-training: 22000/120000 images | CPU 11% | RAM 4.9/31.0G | RSS 3.5G
15:39:07 | INFO    | doctamper-training: 23000/120000 images | CPU 11% | RAM 4.9/31.0G | RSS 3.6G
15:39:14 | INFO    | doctamper-training: 24000/120000 images | CPU 11% | RAM 4.9/31.0G | RSS 3.7G
15:39:21 | INFO    | doctamper-training: 25000/120000 images | CPU 11% | RAM 4.9/31.0G | RSS 3.9G
15:39:28 | INFO    | doctamper-training: 26000/120000 images | CPU 10% | RAM 4.8/31.0G | RSS 4.0G
15:39:35 | INFO    | doctamper-training: 27000/120000 images | CPU 11% | RAM 4.8/31.0G | RSS 4.1G
15:39:41 | INFO    | doctamper-training: 28000/120000 images | CPU 11% | RAM 4.8/31.0G | RSS 4.2G
15:39:47 | INFO    | doctamper-training: 29000/120000 images | CPU 10% | RAM 4.8/31.0G | RSS 4.4G
15:39:54 | INFO    | doctamper-training: 30000/120000 images | CPU 11% | RAM 4.8/31.0G | RSS 4.5G
15:40:01 | INFO    | doctamper-training: 31000/120000 images | CPU 11% | RAM 4.9/31.0G | RSS 4.6G
15:40:09 | INFO    | doctamper-training: 32000/120000 images | CPU 10% | RAM 4.8/31.0G | RSS 4.8G
15:40:17 | INFO    | doctamper-training: 33000/120000 images | CPU 10% | RAM 4.8/31.0G | RSS 4.9G
15:40:24 | INFO    | doctamper-training: 34000/120000 images | CPU 9% | RAM 5.0/31.0G | RSS 5.0G
15:40:31 | INFO    | doctamper-training: 35000/120000 images | CPU 11% | RAM 4.8/31.0G | RSS 5.1G
15:40:38 | INFO    | doctamper-training: 36000/120000 images | CPU 11% | RAM 4.8/31.0G | RSS 5.3G
15:40:44 | INFO    | doctamper-training: 37000/120000 images | CPU 11% | RAM 4.8/31.0G | RSS 5.4G
15:40:51 | INFO    | doctamper-training: 38000/120000 images | CPU 11% | RAM 4.8/31.0G | RSS 5.5G
15:40:59 | INFO    | doctamper-training: 39000/120000 images | CPU 10% | RAM 4.8/31.0G | RSS 5.7G
15:41:07 | INFO    | doctamper-training: 40000/120000 images | CPU 10% | RAM 4.8/31.0G | RSS 5.8G
15:41:15 | INFO    | doctamper-training: 41000/120000 images | CPU 10% | RAM 4.8/31.0G | RSS 5.9G
15:41:23 | INFO    | doctamper-training: 42000/120000 images | CPU 9% | RAM 4.8/31.0G | RSS 6.1G
15:41:32 | INFO    | doctamper-training: 43000/120000 images | CPU 9% | RAM 4.8/31.0G | RSS 6.2G
15:41:40 | INFO    | doctamper-training: 44000/120000 images | CPU 10% | RAM 4.8/31.0G | RSS 6.3G
15:41:47 | INFO    | doctamper-training: 45000/120000 images | CPU 10% | RAM 4.8/31.0G | RSS 6.4G
15:41:55 | INFO    | doctamper-training: 46000/120000 images | CPU 10% | RAM 4.8/31.0G | RSS 6.6G
15:42:03 | INFO    | doctamper-training: 47000/120000 images | CPU 10% | RAM 4.8/31.0G | RSS 6.7G
15:42:11 | INFO    | doctamper-training: 48000/120000 images | CPU 9% | RAM 4.8/31.0G | RSS 6.8G
15:42:19 | INFO    | doctamper-training: 49000/120000 images | CPU 9% | RAM 4.8/31.0G | RSS 7.0G
15:42:27 | INFO    | doctamper-training: 50000/120000 images | CPU 9% | RAM 4.8/31.0G | RSS 7.1G
15:42:35 | INFO    | doctamper-training: 51000/120000 images | CPU 9% | RAM 4.8/31.0G | RSS 7.2G
15:42:42 | INFO    | doctamper-training: 52000/120000 images | CPU 10% | RAM 4.9/31.0G | RSS 7.3G
15:42:50 | INFO    | doctamper-training: 53000/120000 images | CPU 10% | RAM 4.8/31.0G | RSS 7.5G
15:42:58 | INFO    | doctamper-training: 54000/120000 images | CPU 10% | RAM 4.8/31.0G | RSS 7.6G
15:43:05 | INFO    | doctamper-training: 55000/120000 images | CPU 9% | RAM 4.8/31.0G | RSS 7.7G
15:43:13 | INFO    | doctamper-training: 56000/120000 images | CPU 10% | RAM 4.8/31.0G | RSS 7.9G
15:43:21 | INFO    | doctamper-training: 57000/120000 images | CPU 9% | RAM 4.9/31.0G | RSS 8.0G
15:43:29 | INFO    | doctamper-training: 58000/120000 images | CPU 9% | RAM 4.8/31.0G | RSS 8.1G
15:43:37 | INFO    | doctamper-training: 59000/120000 images | CPU 10% | RAM 4.8/31.0G | RSS 8.2G
15:43:45 | INFO    | doctamper-training: 60000/120000 images | CPU 10% | RAM 4.8/31.0G | RSS 8.4G
15:43:53 | INFO    | doctamper-training: 61000/120000 images | CPU 9% | RAM 4.8/31.0G | RSS 8.5G
15:44:01 | INFO    | doctamper-training: 62000/120000 images | CPU 10% | RAM 4.8/31.0G | RSS 8.6G
15:44:09 | INFO    | doctamper-training: 63000/120000 images | CPU 9% | RAM 4.8/31.0G | RSS 8.8G
15:44:17 | INFO    | doctamper-training: 64000/120000 images | CPU 9% | RAM 4.8/31.0G | RSS 8.9G
15:44:24 | INFO    | doctamper-training: 65000/120000 images | CPU 10% | RAM 4.8/31.0G | RSS 9.0G
15:44:32 | INFO    | doctamper-training: 66000/120000 images | CPU 10% | RAM 4.8/31.0G | RSS 9.2G
15:44:39 | INFO    | doctamper-training: 67000/120000 images | CPU 10% | RAM 4.8/31.0G | RSS 9.3G
15:44:47 | INFO    | doctamper-training: 68000/120000 images | CPU 10% | RAM 4.8/31.0G | RSS 9.4G
15:44:55 | INFO    | doctamper-training: 69000/120000 images | CPU 10% | RAM 4.8/31.0G | RSS 9.5G
15:45:02 | INFO    | doctamper-training: 70000/120000 images | CPU 10% | RAM 4.8/31.0G | RSS 9.7G
15:45:10 | INFO    | doctamper-training: 71000/120000 images | CPU 10% | RAM 4.8/31.0G | RSS 9.8G
15:45:18 | INFO    | doctamper-training: 72000/120000 images | CPU 10% | RAM 4.8/31.0G | RSS 9.9G
15:45:26 | INFO    | doctamper-training: 73000/120000 images | CPU 9% | RAM 4.8/31.0G | RSS 10.1G
15:45:34 | INFO    | doctamper-training: 74000/120000 images | CPU 10% | RAM 4.9/31.0G | RSS 10.2G
15:45:42 | INFO    | doctamper-training: 75000/120000 images | CPU 10% | RAM 4.9/31.0G | RSS 10.3G
15:45:50 | INFO    | doctamper-training: 76000/120000 images | CPU 10% | RAM 4.8/31.0G | RSS 10.4G
15:45:58 | INFO    | doctamper-training: 77000/120000 images | CPU 10% | RAM 4.9/31.0G | RSS 10.6G
15:46:06 | INFO    | doctamper-training: 78000/120000 images | CPU 10% | RAM 4.8/31.0G | RSS 10.7G
15:46:13 | INFO    | doctamper-training: 79000/120000 images | CPU 10% | RAM 4.9/31.0G | RSS 10.8G
15:46:21 | INFO    | doctamper-training: 80000/120000 images | CPU 9% | RAM 4.9/31.0G | RSS 11.0G
15:46:29 | INFO    | doctamper-training: 81000/120000 images | CPU 10% | RAM 4.8/31.0G | RSS 11.1G
15:46:37 | INFO    | doctamper-training: 82000/120000 images | CPU 10% | RAM 4.8/31.0G | RSS 11.2G
15:46:45 | INFO    | doctamper-training: 83000/120000 images | CPU 10% | RAM 4.8/31.0G | RSS 11.3G
15:46:53 | INFO    | doctamper-training: 84000/120000 images | CPU 10% | RAM 4.8/31.0G | RSS 11.4G
15:47:00 | INFO    | doctamper-training: 85000/120000 images | CPU 10% | RAM 4.9/31.0G | RSS 11.5G
15:47:08 | INFO    | doctamper-training: 86000/120000 images | CPU 10% | RAM 4.8/31.0G | RSS 11.6G
15:47:16 | INFO    | doctamper-training: 87000/120000 images | CPU 9% | RAM 4.8/31.0G | RSS 11.6G
15:47:24 | INFO    | doctamper-training: 88000/120000 images | CPU 10% | RAM 4.8/31.0G | RSS 11.7G
15:47:32 | INFO    | doctamper-training: 89000/120000 images | CPU 10% | RAM 4.8/31.0G | RSS 11.7G
15:47:39 | INFO    | doctamper-training: 90000/120000 images | CPU 9% | RAM 4.8/31.0G | RSS 11.6G
15:47:47 | INFO    | doctamper-training: 91000/120000 images | CPU 9% | RAM 4.9/31.0G | RSS 11.5G
15:47:56 | INFO    | doctamper-training: 92000/120000 images | CPU 9% | RAM 4.9/31.0G | RSS 11.5G
15:48:03 | INFO    | doctamper-training: 93000/120000 images | CPU 10% | RAM 4.8/31.0G | RSS 11.4G
15:48:10 | INFO    | doctamper-training: 94000/120000 images | CPU 9% | RAM 4.8/31.0G | RSS 11.3G
15:48:18 | INFO    | doctamper-training: 95000/120000 images | CPU 9% | RAM 4.8/31.0G | RSS 11.3G
15:48:25 | INFO    | doctamper-training: 96000/120000 images | CPU 10% | RAM 4.8/31.0G | RSS 11.3G
15:48:33 | INFO    | doctamper-training: 97000/120000 images | CPU 10% | RAM 4.8/31.0G | RSS 11.3G
15:48:41 | INFO    | doctamper-training: 98000/120000 images | CPU 10% | RAM 4.8/31.0G | RSS 11.1G
15:48:49 | INFO    | doctamper-training: 99000/120000 images | CPU 10% | RAM 4.9/31.0G | RSS 10.9G
15:48:56 | INFO    | doctamper-training: 100000/120000 images | CPU 10% | RAM 4.8/31.0G | RSS 10.9G
15:49:04 | INFO    | doctamper-training: 101000/120000 images | CPU 10% | RAM 4.8/31.0G | RSS 11.0G
15:49:12 | INFO    | doctamper-training: 102000/120000 images | CPU 9% | RAM 5.0/31.0G | RSS 10.9G
15:49:20 | INFO    | doctamper-training: 103000/120000 images | CPU 10% | RAM 4.8/31.0G | RSS 11.0G
15:49:28 | INFO    | doctamper-training: 104000/120000 images | CPU 10% | RAM 4.9/31.0G | RSS 11.1G
15:49:36 | INFO    | doctamper-training: 105000/120000 images | CPU 10% | RAM 4.9/31.0G | RSS 11.2G
15:49:44 | INFO    | doctamper-training: 106000/120000 images | CPU 10% | RAM 5.0/31.0G | RSS 11.2G
15:49:52 | INFO    | doctamper-training: 107000/120000 images | CPU 9% | RAM 4.8/31.0G | RSS 11.3G
15:50:00 | INFO    | doctamper-training: 108000/120000 images | CPU 10% | RAM 4.8/31.0G | RSS 11.2G
15:50:08 | INFO    | doctamper-training: 109000/120000 images | CPU 10% | RAM 4.8/31.0G | RSS 11.1G
15:50:16 | INFO    | doctamper-training: 110000/120000 images | CPU 9% | RAM 4.8/31.0G | RSS 10.9G
15:50:24 | INFO    | doctamper-training: 111000/120000 images | CPU 9% | RAM 4.8/31.0G | RSS 11.0G
15:50:32 | INFO    | doctamper-training: 112000/120000 images | CPU 9% | RAM 4.9/31.0G | RSS 11.1G
15:50:40 | INFO    | doctamper-training: 113000/120000 images | CPU 9% | RAM 4.9/31.0G | RSS 11.0G
15:50:48 | INFO    | doctamper-training: 114000/120000 images | CPU 10% | RAM 4.9/31.0G | RSS 10.9G
15:50:56 | INFO    | doctamper-training: 115000/120000 images | CPU 10% | RAM 4.9/31.0G | RSS 10.9G
15:51:03 | INFO    | doctamper-training: 116000/120000 images | CPU 9% | RAM 4.9/31.0G | RSS 10.8G
15:51:11 | INFO    | doctamper-training: 117000/120000 images | CPU 9% | RAM 4.9/31.0G | RSS 10.8G
15:51:19 | INFO    | doctamper-training: 118000/120000 images | CPU 10% | RAM 4.9/31.0G | RSS 10.7G
15:51:27 | INFO    | doctamper-training: 119000/120000 images | CPU 10% | RAM 4.9/31.0G | RSS 10.7G
15:51:35 | INFO    | doctamper-training: 120000/120000 images | CPU 9% | RAM 4.9/31.0G | RSS 10.7G
15:51:36 | INFO    | doctamper-training: 120000 records prepared
15:51:44 | INFO    | doctamper-testing: 1000/30000 images | CPU 10% | RAM 4.9/31.0G | RSS 0.9G
15:51:52 | INFO    | doctamper-testing: 2000/30000 images | CPU 10% | RAM 4.9/31.0G | RSS 1.1G
15:52:00 | INFO    | doctamper-testing: 3000/30000 images | CPU 10% | RAM 4.9/31.0G | RSS 1.2G
15:52:07 | INFO    | doctamper-testing: 4000/30000 images | CPU 10% | RAM 4.9/31.0G | RSS 1.3G
15:52:14 | INFO    | doctamper-testing: 5000/30000 images | CPU 10% | RAM 4.9/31.0G | RSS 1.5G
15:52:22 | INFO    | doctamper-testing: 6000/30000 images | CPU 10% | RAM 4.9/31.0G | RSS 1.6G
15:52:29 | INFO    | doctamper-testing: 7000/30000 images | CPU 10% | RAM 4.9/31.0G | RSS 1.7G
15:52:38 | INFO    | doctamper-testing: 8000/30000 images | CPU 9% | RAM 4.9/31.0G | RSS 1.9G
15:52:45 | INFO    | doctamper-testing: 9000/30000 images | CPU 10% | RAM 4.9/31.0G | RSS 2.0G
15:52:53 | INFO    | doctamper-testing: 10000/30000 images | CPU 10% | RAM 4.9/31.0G | RSS 2.1G
15:53:00 | INFO    | doctamper-testing: 11000/30000 images | CPU 10% | RAM 4.9/31.0G | RSS 2.3G
15:53:07 | INFO    | doctamper-testing: 12000/30000 images | CPU 10% | RAM 4.9/31.0G | RSS 2.4G
15:53:15 | INFO    | doctamper-testing: 13000/30000 images | CPU 10% | RAM 4.9/31.0G | RSS 2.5G
15:53:22 | INFO    | doctamper-testing: 14000/30000 images | CPU 10% | RAM 4.9/31.0G | RSS 2.7G
15:53:30 | INFO    | doctamper-testing: 15000/30000 images | CPU 10% | RAM 4.9/31.0G | RSS 2.8G
15:53:38 | INFO    | doctamper-testing: 16000/30000 images | CPU 10% | RAM 4.9/31.0G | RSS 2.9G
15:53:45 | INFO    | doctamper-testing: 17000/30000 images | CPU 10% | RAM 4.9/31.0G | RSS 3.1G
15:53:53 | INFO    | doctamper-testing: 18000/30000 images | CPU 10% | RAM 4.9/31.0G | RSS 3.2G
15:54:00 | INFO    | doctamper-testing: 19000/30000 images | CPU 10% | RAM 4.9/31.0G | RSS 3.3G
15:54:07 | INFO    | doctamper-testing: 20000/30000 images | CPU 10% | RAM 4.9/31.0G | RSS 3.5G
15:54:14 | INFO    | doctamper-testing: 21000/30000 images | CPU 10% | RAM 4.9/31.0G | RSS 3.6G
15:54:22 | INFO    | doctamper-testing: 22000/30000 images | CPU 10% | RAM 4.9/31.0G | RSS 3.7G
15:54:29 | INFO    | doctamper-testing: 23000/30000 images | CPU 10% | RAM 4.9/31.0G | RSS 3.9G
15:54:37 | INFO    | doctamper-testing: 24000/30000 images | CPU 10% | RAM 4.9/31.0G | RSS 4.0G
15:54:45 | INFO    | doctamper-testing: 25000/30000 images | CPU 10% | RAM 4.9/31.0G | RSS 4.1G
15:54:52 | INFO    | doctamper-testing: 26000/30000 images | CPU 10% | RAM 4.9/31.0G | RSS 4.2G
15:54:59 | INFO    | doctamper-testing: 27000/30000 images | CPU 10% | RAM 4.9/31.0G | RSS 4.4G
15:55:07 | INFO    | doctamper-testing: 28000/30000 images | CPU 10% | RAM 4.8/31.0G | RSS 4.5G
15:55:14 | INFO    | doctamper-testing: 29000/30000 images | CPU 10% | RAM 4.9/31.0G | RSS 4.6G
15:55:21 | INFO    | doctamper-testing: 30000/30000 images | CPU 10% | RAM 4.9/31.0G | RSS 4.8G
15:55:21 | INFO    | doctamper-testing: 30000 records prepared
15:55:32 | INFO    | doctamper-fcd: 1000/2000 images | CPU 8% | RAM 4.9/31.0G | RSS 1.0G
15:55:43 | INFO    | doctamper-fcd: 2000/2000 images | CPU 9% | RAM 4.9/31.0G | RSS 1.3G
15:55:43 | INFO    | doctamper-fcd: 2000 records prepared
15:55:51 | INFO    | doctamper-scd: 1000/18000 images | CPU 10% | RAM 4.9/31.0G | RSS 0.9G
15:55:59 | INFO    | doctamper-scd: 2000/18000 images | CPU 9% | RAM 4.9/31.0G | RSS 1.0G
15:56:07 | INFO    | doctamper-scd: 3000/18000 images | CPU 9% | RAM 4.9/31.0G | RSS 1.1G
15:56:14 | INFO    | doctamper-scd: 4000/18000 images | CPU 10% | RAM 5.0/31.0G | RSS 1.2G
15:56:23 | INFO    | doctamper-scd: 5000/18000 images | CPU 8% | RAM 4.9/31.0G | RSS 1.3G
15:56:30 | INFO    | doctamper-scd: 6000/18000 images | CPU 10% | RAM 4.9/31.0G | RSS 1.5G
15:56:38 | INFO    | doctamper-scd: 7000/18000 images | CPU 10% | RAM 4.9/31.0G | RSS 1.6G
15:56:46 | INFO    | doctamper-scd: 8000/18000 images | CPU 9% | RAM 4.9/31.0G | RSS 1.7G
15:56:54 | INFO    | doctamper-scd: 9000/18000 images | CPU 9% | RAM 4.9/31.0G | RSS 1.8G
15:57:02 | INFO    | doctamper-scd: 10000/18000 images | CPU 9% | RAM 4.9/31.0G | RSS 1.9G
15:57:11 | INFO    | doctamper-scd: 11000/18000 images | CPU 9% | RAM 4.9/31.0G | RSS 2.0G
15:57:18 | INFO    | doctamper-scd: 12000/18000 images | CPU 9% | RAM 5.0/31.0G | RSS 2.1G
15:57:26 | INFO    | doctamper-scd: 13000/18000 images | CPU 10% | RAM 4.9/31.0G | RSS 2.2G
15:57:34 | INFO    | doctamper-scd: 14000/18000 images | CPU 9% | RAM 4.9/31.0G | RSS 2.3G
15:57:41 | INFO    | doctamper-scd: 15000/18000 images | CPU 9% | RAM 4.9/31.0G | RSS 2.4G
15:57:49 | INFO    | doctamper-scd: 16000/18000 images | CPU 9% | RAM 4.9/31.0G | RSS 2.5G
15:57:57 | INFO    | doctamper-scd: 17000/18000 images | CPU 9% | RAM 4.9/31.0G | RSS 2.6G
15:58:05 | INFO    | doctamper-scd: 18000/18000 images | CPU 9% | RAM 4.9/31.0G | RSS 2.7G
15:58:05 | INFO    | doctamper-scd: 18000 records prepared
15:58:05 | INFO    | Scanning MIDV images under /home/fastlab/deepFakeDetection/DeepDocForgery/data/dataset-midv/images
15:58:06 | INFO    | MIDV scan found 8999 images
15:58:48 | INFO    | midv-dm: 1000/8999 images | CPU 18% | RAM 5.9/31.0G | RSS 1.8G
16:00:31 | INFO    | midv-dm: 2000/8999 images | CPU 16% | RAM 6.3/31.0G | RSS 1.8G
16:02:23 | INFO    | midv-dm: 3000/8999 images | CPU 16% | RAM 6.6/31.0G | RSS 1.8G
16:04:39 | INFO    | midv-dm: 4000/8999 images | CPU 14% | RAM 5.9/31.0G | RSS 1.8G
16:06:47 | INFO    | midv-dm: 5000/8999 images | CPU 14% | RAM 4.7/31.0G | RSS 1.1G
16:08:40 | INFO    | midv-dm: 6000/8999 images | CPU 15% | RAM 3.9/31.0G | RSS 1.1G
16:10:21 | INFO    | midv-dm: 7000/8999 images | CPU 17% | RAM 4.2/31.0G | RSS 1.1G
16:12:28 | INFO    | midv-dm: 8000/8999 images | CPU 14% | RAM 4.5/31.0G | RSS 1.1G
16:14:00 | INFO    | midv-dm: 8999/8999 images | CPU 18% | RAM 4.1/31.0G | RSS 1.1G
16:14:00 | INFO    | MIDV: 8999 records prepared | scale-aligned masks=0
16:14:00 | INFO    | Validating split and leakage protocol
16:14:02 | ERROR   | FAILED: Source groups cross dataset splits: [(('doctamper', 'doctamper:masked-ahash-00000000ffffffff'), {'test', 'train'}), (('doctamper', 'doctamper:masked-ahash-000000017fffffff'), {'val', 'test'}), (('doctamper', 'doctamper:masked-ahash-00000001ffffffdf'), {'test', 'train'}), (('doctamper', 'doctamper:masked-ahash-00000001fffffffe'), {'test', 'train'}), (('doctamper', 'doctamper:masked-ahash-00000002efffffff'), {'test', 'train'})]
16:14:02 | ERROR   | FAILED | CPU 2% | RAM 3.3/31.0G | RSS 0.3G
