STARTED | CUDA setup | 2026-09-07T08:15:50Z
Log: /home/fastlab/deepFakeDetection/DeepDocForgery/output/logs/setup/cuda-20260907T081550Z-1390857.log
Mon Sep  7 13:15:50 2026       
+-----------------------------------------------------------------------------------------+
| NVIDIA-SMI 580.173.02             Driver Version: 580.173.02     CUDA Version: 13.0     |
+-----------------------------------------+------------------------+----------------------+
| GPU  Name                 Persistence-M | Bus-Id          Disp.A | Volatile Uncorr. ECC |
| Fan  Temp   Perf          Pwr:Usage/Cap |           Memory-Usage | GPU-Util  Compute M. |
|                                         |                        |               MIG M. |
|=========================================+========================+======================|
|   0  NVIDIA RTX 4000 Ada Gene...    Off |   00000000:01:00.0  On |                  Off |
| 30%   30C    P8             13W /  130W |     684MiB /  20475MiB |      0%      Default |
|                                         |                        |                  N/A |
+-----------------------------------------+------------------------+----------------------+

+-----------------------------------------------------------------------------------------+
| Processes:                                                                              |
|  GPU   GI   CI              PID   Type   Process name                        GPU Memory |
|        ID   ID                                                               Usage      |
|=========================================================================================|
|    0   N/A  N/A            2738      G   /usr/lib/xorg/Xorg                      198MiB |
|    0   N/A  N/A            3113      G   /usr/bin/gnome-shell                    137MiB |
|    0   N/A  N/A            4379      G   ...exec/xdg-desktop-portal-gnome         27MiB |
|    0   N/A  N/A            5479      G   /usr/bin/nautilus                        68MiB |
|    0   N/A  N/A            5602      G   ...rack-uuid=3190708988185955192        112MiB |
|    0   N/A  N/A            6297      G   ...rack-uuid=3190708988185955192         52MiB |
+-----------------------------------------------------------------------------------------+
Clearing legacy or mismatched virtual environment: /home/fastlab/deepFakeDetection/DeepDocForgery/.venv-cuda
Requirement already satisfied: pip in ./.venv-cuda/lib/python3.12/site-packages (24.0)
Collecting pip
  Using cached pip-26.2.1-py3-none-any.whl.metadata (4.6 kB)
Collecting wheel
  Using cached wheel-0.48.0-py3-none-any.whl.metadata (2.3 kB)
Collecting setuptools<82
  Downloading setuptools-81.0.0-py3-none-any.whl.metadata (6.6 kB)
Collecting packaging>=24.0 (from wheel)
  Using cached packaging-26.3-py3-none-any.whl.metadata (3.5 kB)
Using cached pip-26.2.1-py3-none-any.whl (1.8 MB)
Using cached wheel-0.48.0-py3-none-any.whl (33 kB)
Downloading setuptools-81.0.0-py3-none-any.whl (1.1 MB)
   ━━━━━━━━━━━━━━━━━━━━━━━━━━━━━━━━━━━━━━━━ 1.1/1.1 MB 6.3 MB/s eta 0:00:00
Using cached packaging-26.3-py3-none-any.whl (129 kB)
Installing collected packages: setuptools, pip, packaging, wheel
  Attempting uninstall: pip
    Found existing installation: pip 24.0
    Uninstalling pip-24.0:
      Successfully uninstalled pip-24.0
ERROR: pip's dependency resolver does not currently take into account all the packages that are installed. This behaviour is the source of the following dependency conflicts.
launch-ros 0.26.10 requires pyyaml, which is not installed.
Successfully installed packaging-26.3 pip-26.2.1 setuptools-81.0.0 wheel-0.48.0
Looking in indexes: https://download.pytorch.org/whl/cu128
Collecting torch
  Using cached torch-2.11.0%2Bcu128-cp312-cp312-manylinux_2_28_x86_64.whl.metadata (29 kB)
Collecting torchvision
  Using cached torchvision-0.26.0%2Bcu128-cp312-cp312-manylinux_2_28_x86_64.whl.metadata (5.5 kB)
Collecting filelock (from torch)
  Using cached filelock-3.32.3-py3-none-any.whl.metadata (2.0 kB)
Collecting typing-extensions>=4.10.0 (from torch)
  Using cached typing_extensions-4.16.0-py3-none-any.whl.metadata (3.3 kB)
Requirement already satisfied: setuptools<82 in ./.venv-cuda/lib/python3.12/site-packages (from torch) (81.0.0)
Collecting sympy>=1.13.3 (from torch)
  Using cached sympy-1.14.0-py3-none-any.whl.metadata (12 kB)
Collecting networkx>=2.5.1 (from torch)
  Using cached networkx-3.6.1-py3-none-any.whl.metadata (6.8 kB)
Collecting jinja2 (from torch)
  Using cached jinja2-3.1.6-py3-none-any.whl.metadata (2.9 kB)
Collecting fsspec>=0.8.5 (from torch)
  Using cached fsspec-2026.7.0-py3-none-any.whl.metadata (10 kB)
Collecting cuda-toolkit==12.8.1 (from cuda-toolkit[cublas,cudart,cufft,cufile,cupti,curand,cusolver,cusparse,nvjitlink,nvrtc,nvtx]==12.8.1; platform_system == "Linux"->torch)
  Downloading cuda_toolkit-12.8.1-py2.py3-none-any.whl (2.3 kB)
Collecting cuda-bindings<13,>=12.9.4 (from torch)
  Using cached cuda_bindings-12.9.7-cp312-cp312-manylinux_2_24_x86_64.manylinux_2_28_x86_64.whl.metadata (2.6 kB)
Collecting nvidia-cudnn-cu12==9.19.0.56 (from torch)
  Downloading nvidia_cudnn_cu12-9.19.0.56-py3-none-manylinux_2_27_x86_64.whl (657.9 MB)
     ━━━━━━━━━━━━━━━━━━━━━━━━━━━━━━━━━━━━━━━━ 657.9/657.9 MB 25.2 MB/s  0:00:26
Collecting nvidia-cusparselt-cu12==0.7.1 (from torch)
  Downloading nvidia_cusparselt_cu12-0.7.1-py3-none-manylinux2014_x86_64.whl (287.2 MB)
     ━━━━━━━━━━━━━━━━━━━━━━━━━━━━━━━━━━━━━━━━ 287.2/287.2 MB 24.7 MB/s  0:00:11
Collecting nvidia-nccl-cu12==2.28.9 (from torch)
  Downloading nvidia_nccl_cu12-2.28.9-py3-none-manylinux_2_18_x86_64.whl (296.8 MB)
     ━━━━━━━━━━━━━━━━━━━━━━━━━━━━━━━━━━━━━━━━ 296.8/296.8 MB 26.1 MB/s  0:00:11
Collecting nvidia-nvshmem-cu12==3.4.5 (from torch)
  Downloading nvidia_nvshmem_cu12-3.4.5-py3-none-manylinux2014_x86_64.manylinux_2_17_x86_64.whl (139.1 MB)
     ━━━━━━━━━━━━━━━━━━━━━━━━━━━━━━━━━━━━━━━━ 139.1/139.1 MB 26.6 MB/s  0:00:05
Collecting triton==3.6.0 (from torch)
  Using cached triton-3.6.0-cp312-cp312-manylinux_2_27_x86_64.manylinux_2_28_x86_64.whl.metadata (1.7 kB)
Collecting nvidia-cublas-cu12==12.8.4.1.* (from cuda-toolkit[cublas,cudart,cufft,cufile,cupti,curand,cusolver,cusparse,nvjitlink,nvrtc,nvtx]==12.8.1; platform_system == "Linux"->torch)
  Downloading nvidia_cublas_cu12-12.8.4.1-py3-none-manylinux_2_27_x86_64.whl (594.3 MB)
     ━━━━━━━━━━━━━━━━━━━━━━━━━━━━━━━━━━━━━━━━ 594.3/594.3 MB 25.9 MB/s  0:00:22
Collecting nvidia-cuda-runtime-cu12==12.8.90.* (from cuda-toolkit[cublas,cudart,cufft,cufile,cupti,curand,cusolver,cusparse,nvjitlink,nvrtc,nvtx]==12.8.1; platform_system == "Linux"->torch)
  Downloading nvidia_cuda_runtime_cu12-12.8.90-py3-none-manylinux2014_x86_64.manylinux_2_17_x86_64.whl (954 kB)
     ━━━━━━━━━━━━━━━━━━━━━━━━━━━━━━━━━━━━━━━━ 954.8/954.8 kB 43.2 MB/s  0:00:00
Collecting nvidia-cufft-cu12==11.3.3.83.* (from cuda-toolkit[cublas,cudart,cufft,cufile,cupti,curand,cusolver,cusparse,nvjitlink,nvrtc,nvtx]==12.8.1; platform_system == "Linux"->torch)
  Downloading nvidia_cufft_cu12-11.3.3.83-py3-none-manylinux2014_x86_64.manylinux_2_17_x86_64.whl (193.1 MB)
     ━━━━━━━━━━━━━━━━━━━━━━━━━━━━━━━━━━━━━━━━ 193.1/193.1 MB 26.2 MB/s  0:00:07
Collecting nvidia-cufile-cu12==1.13.1.3.* (from cuda-toolkit[cublas,cudart,cufft,cufile,cupti,curand,cusolver,cusparse,nvjitlink,nvrtc,nvtx]==12.8.1; platform_system == "Linux"->torch)
  Downloading nvidia_cufile_cu12-1.13.1.3-py3-none-manylinux2014_x86_64.manylinux_2_17_x86_64.whl (1.2 MB)
     ━━━━━━━━━━━━━━━━━━━━━━━━━━━━━━━━━━━━━━━━ 1.2/1.2 MB 61.0 MB/s  0:00:00
Collecting nvidia-cuda-cupti-cu12==12.8.90.* (from cuda-toolkit[cublas,cudart,cufft,cufile,cupti,curand,cusolver,cusparse,nvjitlink,nvrtc,nvtx]==12.8.1; platform_system == "Linux"->torch)
  Downloading nvidia_cuda_cupti_cu12-12.8.90-py3-none-manylinux2014_x86_64.manylinux_2_17_x86_64.whl (10.2 MB)
     ━━━━━━━━━━━━━━━━━━━━━━━━━━━━━━━━━━━━━━━━ 10.2/10.2 MB 30.7 MB/s  0:00:00
Collecting nvidia-curand-cu12==10.3.9.90.* (from cuda-toolkit[cublas,cudart,cufft,cufile,cupti,curand,cusolver,cusparse,nvjitlink,nvrtc,nvtx]==12.8.1; platform_system == "Linux"->torch)
  Downloading nvidia_curand_cu12-10.3.9.90-py3-none-manylinux_2_27_x86_64.whl (63.6 MB)
     ━━━━━━━━━━━━━━━━━━━━━━━━━━━━━━━━━━━━━━━━ 63.6/63.6 MB 27.3 MB/s  0:00:02
Collecting nvidia-cusolver-cu12==11.7.3.90.* (from cuda-toolkit[cublas,cudart,cufft,cufile,cupti,curand,cusolver,cusparse,nvjitlink,nvrtc,nvtx]==12.8.1; platform_system == "Linux"->torch)
  Downloading nvidia_cusolver_cu12-11.7.3.90-py3-none-manylinux_2_27_x86_64.whl (267.5 MB)
     ━━━━━━━━━━━━━━━━━━━━━━━━━━━━━━━━━━━━━━━━ 267.5/267.5 MB 22.4 MB/s  0:00:11
Collecting nvidia-cusparse-cu12==12.5.8.93.* (from cuda-toolkit[cublas,cudart,cufft,cufile,cupti,curand,cusolver,cusparse,nvjitlink,nvrtc,nvtx]==12.8.1; platform_system == "Linux"->torch)
  Downloading nvidia_cusparse_cu12-12.5.8.93-py3-none-manylinux2014_x86_64.manylinux_2_17_x86_64.whl (288.2 MB)
     ━━━━━━━━━━━━━━━━━━━━━━━━━━━━━━━━━━━━━━━━ 288.2/288.2 MB 26.0 MB/s  0:00:11
Collecting nvidia-nvjitlink-cu12==12.8.93.* (from cuda-toolkit[cublas,cudart,cufft,cufile,cupti,curand,cusolver,cusparse,nvjitlink,nvrtc,nvtx]==12.8.1; platform_system == "Linux"->torch)
  Downloading nvidia_nvjitlink_cu12-12.8.93-py3-none-manylinux2010_x86_64.manylinux_2_12_x86_64.whl (39.3 MB)
     ━━━━━━━━━━━━━━━━━━━━━━━━━━━━━━━━━━━━━━━━ 39.3/39.3 MB 23.9 MB/s  0:00:01
Collecting nvidia-cuda-nvrtc-cu12==12.8.93.* (from cuda-toolkit[cublas,cudart,cufft,cufile,cupti,curand,cusolver,cusparse,nvjitlink,nvrtc,nvtx]==12.8.1; platform_system == "Linux"->torch)
  Downloading nvidia_cuda_nvrtc_cu12-12.8.93-py3-none-manylinux2010_x86_64.manylinux_2_12_x86_64.whl (88.0 MB)
     ━━━━━━━━━━━━━━━━━━━━━━━━━━━━━━━━━━━━━━━━ 88.0/88.0 MB 22.9 MB/s  0:00:03
Collecting nvidia-nvtx-cu12==12.8.90.* (from cuda-toolkit[cublas,cudart,cufft,cufile,cupti,curand,cusolver,cusparse,nvjitlink,nvrtc,nvtx]==12.8.1; platform_system == "Linux"->torch)
  Downloading nvidia_nvtx_cu12-12.8.90-py3-none-manylinux2014_x86_64.manylinux_2_17_x86_64.whl (89 kB)
Collecting cuda-pathfinder~=1.1 (from cuda-bindings<13,>=12.9.4->torch)
  Using cached cuda_pathfinder-1.6.0-py3-none-any.whl.metadata (1.9 kB)
Collecting numpy (from torchvision)
  Using cached numpy-2.5.2-cp312-cp312-manylinux_2_27_x86_64.manylinux_2_28_x86_64.whl.metadata (6.6 kB)
Collecting pillow!=8.3.*,>=5.3.0 (from torchvision)
  Using cached pillow-12.3.0-cp312-cp312-manylinux_2_27_x86_64.manylinux_2_28_x86_64.whl.metadata (9.1 kB)
Collecting mpmath<1.4,>=1.1.0 (from sympy>=1.13.3->torch)
  Using cached mpmath-1.3.0-py3-none-any.whl.metadata (8.6 kB)
Collecting MarkupSafe>=2.0 (from jinja2->torch)
  Using cached markupsafe-3.0.3-cp312-cp312-manylinux2014_x86_64.manylinux_2_17_x86_64.manylinux_2_28_x86_64.whl.metadata (2.7 kB)
Using cached torch-2.11.0%2Bcu128-cp312-cp312-manylinux_2_28_x86_64.whl (820.3 MB)
Using cached triton-3.6.0-cp312-cp312-manylinux_2_27_x86_64.manylinux_2_28_x86_64.whl (188.3 MB)
Using cached cuda_bindings-12.9.7-cp312-cp312-manylinux_2_24_x86_64.manylinux_2_28_x86_64.whl (7.6 MB)
Using cached cuda_pathfinder-1.6.0-py3-none-any.whl (54 kB)
Using cached torchvision-0.26.0%2Bcu128-cp312-cp312-manylinux_2_28_x86_64.whl (8.1 MB)
Using cached fsspec-2026.7.0-py3-none-any.whl (206 kB)
Using cached networkx-3.6.1-py3-none-any.whl (2.1 MB)
Using cached pillow-12.3.0-cp312-cp312-manylinux_2_27_x86_64.manylinux_2_28_x86_64.whl (6.9 MB)
Using cached sympy-1.14.0-py3-none-any.whl (6.3 MB)
Using cached mpmath-1.3.0-py3-none-any.whl (536 kB)
Using cached typing_extensions-4.16.0-py3-none-any.whl (45 kB)
Using cached filelock-3.32.3-py3-none-any.whl (98 kB)
Using cached jinja2-3.1.6-py3-none-any.whl (134 kB)
Using cached markupsafe-3.0.3-cp312-cp312-manylinux2014_x86_64.manylinux_2_17_x86_64.manylinux_2_28_x86_64.whl (22 kB)
Using cached numpy-2.5.2-cp312-cp312-manylinux_2_27_x86_64.manylinux_2_28_x86_64.whl (16.7 MB)
Installing collected packages: nvidia-cusparselt-cu12, mpmath, cuda-toolkit, typing-extensions, triton, sympy, pillow, nvidia-nvtx-cu12, nvidia-nvshmem-cu12, nvidia-nvjitlink-cu12, nvidia-nccl-cu12, nvidia-curand-cu12, nvidia-cufile-cu12, nvidia-cuda-runtime-cu12, nvidia-cuda-nvrtc-cu12, nvidia-cuda-cupti-cu12, nvidia-cublas-cu12, numpy, networkx, MarkupSafe, fsspec, filelock, cuda-pathfinder, nvidia-cusparse-cu12, nvidia-cufft-cu12, nvidia-cudnn-cu12, jinja2, cuda-bindings, nvidia-cusolver-cu12, torch, torchvision

Successfully installed MarkupSafe-3.0.3 cuda-bindings-12.9.7 cuda-pathfinder-1.6.0 cuda-toolkit-12.8.1 filelock-3.32.3 fsspec-2026.7.0 jinja2-3.1.6 mpmath-1.3.0 networkx-3.6.1 numpy-2.5.2 nvidia-cublas-cu12-12.8.4.1 nvidia-cuda-cupti-cu12-12.8.90 nvidia-cuda-nvrtc-cu12-12.8.93 nvidia-cuda-runtime-cu12-12.8.90 nvidia-cudnn-cu12-9.19.0.56 nvidia-cufft-cu12-11.3.3.83 nvidia-cufile-cu12-1.13.1.3 nvidia-curand-cu12-10.3.9.90 nvidia-cusolver-cu12-11.7.3.90 nvidia-cusparse-cu12-12.5.8.93 nvidia-cusparselt-cu12-0.7.1 nvidia-nccl-cu12-2.28.9 nvidia-nvjitlink-cu12-12.8.93 nvidia-nvshmem-cu12-3.4.5 nvidia-nvtx-cu12-12.8.90 pillow-12.3.0 sympy-1.14.0 torch-2.11.0+cu128 torchvision-0.26.0+cu128 triton-3.6.0 typing-extensions-4.16.0
Obtaining file:///home/fastlab/deepFakeDetection/DeepDocForgery
  Installing build dependencies: started
  Installing build dependencies: finished with status 'done'
  Checking if build backend supports build_editable: started
  Checking if build backend supports build_editable: finished with status 'done'
  Getting requirements to build editable: started
  Getting requirements to build editable: finished with status 'done'
  Preparing editable metadata (pyproject.toml): started
  Preparing editable metadata (pyproject.toml): finished with status 'done'
Requirement already satisfied: numpy>=1.26 in ./.venv-cuda/lib/python3.12/site-packages (from deep-doc-forgery==0.5.0) (2.5.2)
Requirement already satisfied: Pillow>=10.0 in ./.venv-cuda/lib/python3.12/site-packages (from deep-doc-forgery==0.5.0) (12.3.0)
Collecting PyYAML>=6.0 (from deep-doc-forgery==0.5.0)
  Using cached pyyaml-6.0.3-cp312-cp312-manylinux2014_x86_64.manylinux_2_17_x86_64.manylinux_2_28_x86_64.whl.metadata (2.4 kB)
Requirement already satisfied: torch>=2.2 in ./.venv-cuda/lib/python3.12/site-packages (from deep-doc-forgery==0.5.0) (2.11.0+cu128)
Collecting psutil>=5.9 (from deep-doc-forgery==0.5.0)
  Using cached psutil-7.2.2-cp36-abi3-manylinux2010_x86_64.manylinux_2_12_x86_64.manylinux_2_28_x86_64.whl.metadata (22 kB)
Collecting tqdm>=4.66 (from deep-doc-forgery==0.5.0)
  Using cached tqdm-4.70.0-py3-none-any.whl.metadata (57 kB)
Collecting jpegio>=0.2.8 (from deep-doc-forgery==0.5.0)
  Using cached jpegio-0.2.8-cp312-cp312-linux_x86_64.whl
Collecting lmdb>=1.4 (from deep-doc-forgery==0.5.0)
  Using cached lmdb-2.3.0-cp312-cp312-manylinux2014_x86_64.manylinux_2_17_x86_64.manylinux_2_28_x86_64.whl.metadata (1.2 kB)
Collecting kaggle>=1.6 (from deep-doc-forgery==0.5.0)
  Using cached kaggle-2.2.4-py3-none-any.whl.metadata (17 kB)
Collecting timm>=1.0 (from deep-doc-forgery==0.5.0)
  Using cached timm-1.0.29-py3-none-any.whl.metadata (43 kB)
Collecting pytest>=8.0 (from deep-doc-forgery==0.5.0)
  Using cached pytest-9.1.1-py3-none-any.whl.metadata (7.6 kB)
Collecting ruff>=0.6 (from deep-doc-forgery==0.5.0)
  Using cached ruff-0.16.6-py3-none-manylinux_2_17_x86_64.manylinux2014_x86_64.whl.metadata (26 kB)
Collecting bleach (from kaggle>=1.6->deep-doc-forgery==0.5.0)
  Using cached bleach-6.4.0-py3-none-any.whl.metadata (32 kB)
Collecting jupytext (from kaggle>=1.6->deep-doc-forgery==0.5.0)
  Using cached jupytext-1.19.5-py3-none-any.whl.metadata (15 kB)
Collecting kagglesdk<1.0,>=0.1.35 (from kaggle>=1.6->deep-doc-forgery==0.5.0)
  Using cached kagglesdk-0.1.37-py3-none-any.whl.metadata (13 kB)
Requirement already satisfied: packaging in ./.venv-cuda/lib/python3.12/site-packages (from kaggle>=1.6->deep-doc-forgery==0.5.0) (26.3)
Collecting protobuf (from kaggle>=1.6->deep-doc-forgery==0.5.0)
  Using cached protobuf-7.36.1-cp310-abi3-manylinux2014_x86_64.whl.metadata (595 bytes)
Collecting python-dateutil (from kaggle>=1.6->deep-doc-forgery==0.5.0)
  Using cached python_dateutil-2.9.0.post0-py2.py3-none-any.whl.metadata (8.4 kB)
Collecting python-dotenv (from kaggle>=1.6->deep-doc-forgery==0.5.0)
  Using cached python_dotenv-1.2.3-py3-none-any.whl.metadata (29 kB)
Collecting python-slugify (from kaggle>=1.6->deep-doc-forgery==0.5.0)
  Using cached python_slugify-8.0.4-py2.py3-none-any.whl.metadata (8.5 kB)
Collecting requests (from kaggle>=1.6->deep-doc-forgery==0.5.0)
  Using cached requests-2.34.2-py3-none-any.whl.metadata (4.8 kB)
Collecting urllib3>=1.15.1 (from kaggle>=1.6->deep-doc-forgery==0.5.0)
  Using cached urllib3-2.7.0-py3-none-any.whl.metadata (6.9 kB)
Collecting iniconfig>=1.0.1 (from pytest>=8.0->deep-doc-forgery==0.5.0)
  Using cached iniconfig-2.3.0-py3-none-any.whl.metadata (2.5 kB)
Collecting pluggy<2,>=1.5 (from pytest>=8.0->deep-doc-forgery==0.5.0)
  Using cached pluggy-1.6.0-py3-none-any.whl.metadata (4.8 kB)
Collecting pygments>=2.7.2 (from pytest>=8.0->deep-doc-forgery==0.5.0)
  Using cached pygments-2.21.0-py3-none-any.whl.metadata (2.5 kB)
Requirement already satisfied: torchvision in ./.venv-cuda/lib/python3.12/site-packages (from timm>=1.0->deep-doc-forgery==0.5.0) (0.26.0+cu128)
Collecting huggingface_hub (from timm>=1.0->deep-doc-forgery==0.5.0)
  Using cached huggingface_hub-1.30.0-py3-none-any.whl.metadata (16 kB)
Collecting safetensors (from timm>=1.0->deep-doc-forgery==0.5.0)
  Using cached safetensors-0.8.0-cp310-abi3-manylinux_2_17_x86_64.manylinux2014_x86_64.whl.metadata (4.2 kB)
Requirement already satisfied: filelock in ./.venv-cuda/lib/python3.12/site-packages (from torch>=2.2->deep-doc-forgery==0.5.0) (3.32.3)
Requirement already satisfied: typing-extensions>=4.10.0 in ./.venv-cuda/lib/python3.12/site-packages (from torch>=2.2->deep-doc-forgery==0.5.0) (4.16.0)
Requirement already satisfied: setuptools<82 in ./.venv-cuda/lib/python3.12/site-packages (from torch>=2.2->deep-doc-forgery==0.5.0) (81.0.0)
Requirement already satisfied: sympy>=1.13.3 in ./.venv-cuda/lib/python3.12/site-packages (from torch>=2.2->deep-doc-forgery==0.5.0) (1.14.0)
Requirement already satisfied: networkx>=2.5.1 in ./.venv-cuda/lib/python3.12/site-packages (from torch>=2.2->deep-doc-forgery==0.5.0) (3.6.1)
Requirement already satisfied: jinja2 in ./.venv-cuda/lib/python3.12/site-packages (from torch>=2.2->deep-doc-forgery==0.5.0) (3.1.6)
Requirement already satisfied: fsspec>=0.8.5 in ./.venv-cuda/lib/python3.12/site-packages (from torch>=2.2->deep-doc-forgery==0.5.0) (2026.7.0)
Requirement already satisfied: cuda-toolkit==12.8.1 in ./.venv-cuda/lib/python3.12/site-packages (from cuda-toolkit[cublas,cudart,cufft,cufile,cupti,curand,cusolver,cusparse,nvjitlink,nvrtc,nvtx]==12.8.1; platform_system == "Linux"->torch>=2.2->deep-doc-forgery==0.5.0) (12.8.1)
Requirement already satisfied: cuda-bindings<13,>=12.9.4 in ./.venv-cuda/lib/python3.12/site-packages (from torch>=2.2->deep-doc-forgery==0.5.0) (12.9.7)
Requirement already satisfied: nvidia-cudnn-cu12==9.19.0.56 in ./.venv-cuda/lib/python3.12/site-packages (from torch>=2.2->deep-doc-forgery==0.5.0) (9.19.0.56)
Requirement already satisfied: nvidia-cusparselt-cu12==0.7.1 in ./.venv-cuda/lib/python3.12/site-packages (from torch>=2.2->deep-doc-forgery==0.5.0) (0.7.1)
Requirement already satisfied: nvidia-nccl-cu12==2.28.9 in ./.venv-cuda/lib/python3.12/site-packages (from torch>=2.2->deep-doc-forgery==0.5.0) (2.28.9)
Requirement already satisfied: nvidia-nvshmem-cu12==3.4.5 in ./.venv-cuda/lib/python3.12/site-packages (from torch>=2.2->deep-doc-forgery==0.5.0) (3.4.5)
Requirement already satisfied: triton==3.6.0 in ./.venv-cuda/lib/python3.12/site-packages (from torch>=2.2->deep-doc-forgery==0.5.0) (3.6.0)
Requirement already satisfied: nvidia-cublas-cu12==12.8.4.1.* in ./.venv-cuda/lib/python3.12/site-packages (from cuda-toolkit[cublas,cudart,cufft,cufile,cupti,curand,cusolver,cusparse,nvjitlink,nvrtc,nvtx]==12.8.1; platform_system == "Linux"->torch>=2.2->deep-doc-forgery==0.5.0) (12.8.4.1)
Requirement already satisfied: nvidia-cuda-runtime-cu12==12.8.90.* in ./.venv-cuda/lib/python3.12/site-packages (from cuda-toolkit[cublas,cudart,cufft,cufile,cupti,curand,cusolver,cusparse,nvjitlink,nvrtc,nvtx]==12.8.1; platform_system == "Linux"->torch>=2.2->deep-doc-forgery==0.5.0) (12.8.90)
Requirement already satisfied: nvidia-cufft-cu12==11.3.3.83.* in ./.venv-cuda/lib/python3.12/site-packages (from cuda-toolkit[cublas,cudart,cufft,cufile,cupti,curand,cusolver,cusparse,nvjitlink,nvrtc,nvtx]==12.8.1; platform_system == "Linux"->torch>=2.2->deep-doc-forgery==0.5.0) (11.3.3.83)
Requirement already satisfied: nvidia-cufile-cu12==1.13.1.3.* in ./.venv-cuda/lib/python3.12/site-packages (from cuda-toolkit[cublas,cudart,cufft,cufile,cupti,curand,cusolver,cusparse,nvjitlink,nvrtc,nvtx]==12.8.1; platform_system == "Linux"->torch>=2.2->deep-doc-forgery==0.5.0) (1.13.1.3)
Requirement already satisfied: nvidia-cuda-cupti-cu12==12.8.90.* in ./.venv-cuda/lib/python3.12/site-packages (from cuda-toolkit[cublas,cudart,cufft,cufile,cupti,curand,cusolver,cusparse,nvjitlink,nvrtc,nvtx]==12.8.1; platform_system == "Linux"->torch>=2.2->deep-doc-forgery==0.5.0) (12.8.90)
Requirement already satisfied: nvidia-curand-cu12==10.3.9.90.* in ./.venv-cuda/lib/python3.12/site-packages (from cuda-toolkit[cublas,cudart,cufft,cufile,cupti,curand,cusolver,cusparse,nvjitlink,nvrtc,nvtx]==12.8.1; platform_system == "Linux"->torch>=2.2->deep-doc-forgery==0.5.0) (10.3.9.90)
Requirement already satisfied: nvidia-cusolver-cu12==11.7.3.90.* in ./.venv-cuda/lib/python3.12/site-packages (from cuda-toolkit[cublas,cudart,cufft,cufile,cupti,curand,cusolver,cusparse,nvjitlink,nvrtc,nvtx]==12.8.1; platform_system == "Linux"->torch>=2.2->deep-doc-forgery==0.5.0) (11.7.3.90)
Requirement already satisfied: nvidia-cusparse-cu12==12.5.8.93.* in ./.venv-cuda/lib/python3.12/site-packages (from cuda-toolkit[cublas,cudart,cufft,cufile,cupti,curand,cusolver,cusparse,nvjitlink,nvrtc,nvtx]==12.8.1; platform_system == "Linux"->torch>=2.2->deep-doc-forgery==0.5.0) (12.5.8.93)
Requirement already satisfied: nvidia-nvjitlink-cu12==12.8.93.* in ./.venv-cuda/lib/python3.12/site-packages (from cuda-toolkit[cublas,cudart,cufft,cufile,cupti,curand,cusolver,cusparse,nvjitlink,nvrtc,nvtx]==12.8.1; platform_system == "Linux"->torch>=2.2->deep-doc-forgery==0.5.0) (12.8.93)
Requirement already satisfied: nvidia-cuda-nvrtc-cu12==12.8.93.* in ./.venv-cuda/lib/python3.12/site-packages (from cuda-toolkit[cublas,cudart,cufft,cufile,cupti,curand,cusolver,cusparse,nvjitlink,nvrtc,nvtx]==12.8.1; platform_system == "Linux"->torch>=2.2->deep-doc-forgery==0.5.0) (12.8.93)
Requirement already satisfied: nvidia-nvtx-cu12==12.8.90.* in ./.venv-cuda/lib/python3.12/site-packages (from cuda-toolkit[cublas,cudart,cufft,cufile,cupti,curand,cusolver,cusparse,nvjitlink,nvrtc,nvtx]==12.8.1; platform_system == "Linux"->torch>=2.2->deep-doc-forgery==0.5.0) (12.8.90)
Requirement already satisfied: cuda-pathfinder~=1.1 in ./.venv-cuda/lib/python3.12/site-packages (from cuda-bindings<13,>=12.9.4->torch>=2.2->deep-doc-forgery==0.5.0) (1.6.0)
Requirement already satisfied: mpmath<1.4,>=1.1.0 in ./.venv-cuda/lib/python3.12/site-packages (from sympy>=1.13.3->torch>=2.2->deep-doc-forgery==0.5.0) (1.3.0)
Collecting webencodings (from bleach->kaggle>=1.6->deep-doc-forgery==0.5.0)
  Using cached webencodings-0.6.1-py3-none-any.whl.metadata (3.4 kB)
Collecting click<9.0.0,>=8.4.2 (from huggingface_hub->timm>=1.0->deep-doc-forgery==0.5.0)
  Using cached click-8.5.0-py3-none-any.whl.metadata (2.6 kB)
Collecting hf-xet<2.0.0,>=1.5.2 (from huggingface_hub->timm>=1.0->deep-doc-forgery==0.5.0)
  Using cached hf_xet-1.6.0-cp38-abi3-manylinux2014_x86_64.manylinux_2_17_x86_64.whl.metadata (4.9 kB)
Collecting httpx<1,>=0.23.0 (from huggingface_hub->timm>=1.0->deep-doc-forgery==0.5.0)
  Using cached httpx-0.28.1-py3-none-any.whl.metadata (7.1 kB)
Collecting anyio (from httpx<1,>=0.23.0->huggingface_hub->timm>=1.0->deep-doc-forgery==0.5.0)
  Downloading anyio-4.15.1-py3-none-any.whl.metadata (4.7 kB)
Collecting certifi (from httpx<1,>=0.23.0->huggingface_hub->timm>=1.0->deep-doc-forgery==0.5.0)
  Using cached certifi-2026.7.22-py3-none-any.whl.metadata (2.5 kB)
Collecting httpcore==1.* (from httpx<1,>=0.23.0->huggingface_hub->timm>=1.0->deep-doc-forgery==0.5.0)
  Using cached httpcore-1.0.9-py3-none-any.whl.metadata (21 kB)
Collecting idna (from httpx<1,>=0.23.0->huggingface_hub->timm>=1.0->deep-doc-forgery==0.5.0)
  Using cached idna-3.19-py3-none-any.whl.metadata (9.2 kB)
Collecting h11>=0.16 (from httpcore==1.*->httpx<1,>=0.23.0->huggingface_hub->timm>=1.0->deep-doc-forgery==0.5.0)
  Using cached h11-0.16.0-py3-none-any.whl.metadata (8.3 kB)
Requirement already satisfied: MarkupSafe>=2.0 in ./.venv-cuda/lib/python3.12/site-packages (from jinja2->torch>=2.2->deep-doc-forgery==0.5.0) (3.0.3)
Collecting markdown-it-py>=1.0 (from jupytext->kaggle>=1.6->deep-doc-forgery==0.5.0)
  Using cached markdown_it_py-4.2.0-py3-none-any.whl.metadata (7.4 kB)
Collecting mdit-py-plugins (from jupytext->kaggle>=1.6->deep-doc-forgery==0.5.0)
  Using cached mdit_py_plugins-0.6.1-py3-none-any.whl.metadata (2.9 kB)
Collecting nbformat (from jupytext->kaggle>=1.6->deep-doc-forgery==0.5.0)
  Using cached nbformat-5.11.1-py3-none-any.whl.metadata (3.7 kB)
Collecting mdurl~=0.1 (from markdown-it-py>=1.0->jupytext->kaggle>=1.6->deep-doc-forgery==0.5.0)
  Using cached mdurl-0.1.2-py3-none-any.whl.metadata (1.6 kB)
Collecting fastjsonschema>=2.15 (from nbformat->jupytext->kaggle>=1.6->deep-doc-forgery==0.5.0)
  Using cached fastjsonschema-2.22.2-py3-none-any.whl.metadata (2.1 kB)
Collecting jsonschema>=2.6 (from nbformat->jupytext->kaggle>=1.6->deep-doc-forgery==0.5.0)
  Using cached jsonschema-4.26.0-py3-none-any.whl.metadata (7.6 kB)
Collecting jupyter-core!=5.0.*,>=4.12 (from nbformat->jupytext->kaggle>=1.6->deep-doc-forgery==0.5.0)
  Using cached jupyter_core-5.9.1-py3-none-any.whl.metadata (1.5 kB)
Collecting traitlets>=5.1 (from nbformat->jupytext->kaggle>=1.6->deep-doc-forgery==0.5.0)
  Using cached traitlets-5.16.1-py3-none-any.whl.metadata (10 kB)
Collecting attrs>=22.2.0 (from jsonschema>=2.6->nbformat->jupytext->kaggle>=1.6->deep-doc-forgery==0.5.0)
  Using cached attrs-26.1.0-py3-none-any.whl.metadata (8.8 kB)
Collecting jsonschema-specifications>=2023.03.6 (from jsonschema>=2.6->nbformat->jupytext->kaggle>=1.6->deep-doc-forgery==0.5.0)
  Using cached jsonschema_specifications-2025.9.1-py3-none-any.whl.metadata (2.9 kB)
Collecting referencing>=0.28.4 (from jsonschema>=2.6->nbformat->jupytext->kaggle>=1.6->deep-doc-forgery==0.5.0)
  Using cached referencing-0.37.0-py3-none-any.whl.metadata (2.8 kB)
Collecting rpds-py>=0.25.0 (from jsonschema>=2.6->nbformat->jupytext->kaggle>=1.6->deep-doc-forgery==0.5.0)
  Using cached rpds_py-2026.6.3-cp312-cp312-manylinux_2_17_x86_64.manylinux2014_x86_64.whl.metadata (4.1 kB)
Collecting platformdirs>=2.5 (from jupyter-core!=5.0.*,>=4.12->nbformat->jupytext->kaggle>=1.6->deep-doc-forgery==0.5.0)
  Using cached platformdirs-4.11.7-py3-none-any.whl.metadata (5.5 kB)
Collecting six>=1.5 (from python-dateutil->kaggle>=1.6->deep-doc-forgery==0.5.0)
  Using cached six-1.17.0-py2.py3-none-any.whl.metadata (1.7 kB)
Collecting text-unidecode>=1.3 (from python-slugify->kaggle>=1.6->deep-doc-forgery==0.5.0)
  Using cached text_unidecode-1.3-py2.py3-none-any.whl.metadata (2.4 kB)
Collecting charset_normalizer<4,>=2 (from requests->kaggle>=1.6->deep-doc-forgery==0.5.0)
  Using cached charset_normalizer-3.5.1-cp312-cp312-manylinux2014_x86_64.manylinux_2_17_x86_64.manylinux_2_28_x86_64.whl.metadata (45 kB)
Using cached kaggle-2.2.4-py3-none-any.whl (126 kB)
Using cached kagglesdk-0.1.37-py3-none-any.whl (262 kB)
Using cached lmdb-2.3.0-cp312-cp312-manylinux2014_x86_64.manylinux_2_17_x86_64.manylinux_2_28_x86_64.whl (344 kB)
Using cached psutil-7.2.2-cp36-abi3-manylinux2010_x86_64.manylinux_2_12_x86_64.manylinux_2_28_x86_64.whl (155 kB)
Using cached pytest-9.1.1-py3-none-any.whl (386 kB)
Using cached pluggy-1.6.0-py3-none-any.whl (20 kB)
Using cached iniconfig-2.3.0-py3-none-any.whl (7.5 kB)
Using cached pygments-2.21.0-py3-none-any.whl (1.3 MB)
Using cached pyyaml-6.0.3-cp312-cp312-manylinux2014_x86_64.manylinux_2_17_x86_64.manylinux_2_28_x86_64.whl (807 kB)
Using cached ruff-0.16.6-py3-none-manylinux_2_17_x86_64.manylinux2014_x86_64.whl (10.3 MB)
Using cached timm-1.0.29-py3-none-any.whl (2.6 MB)
Using cached tqdm-4.70.0-py3-none-any.whl (80 kB)
Using cached urllib3-2.7.0-py3-none-any.whl (131 kB)
Using cached bleach-6.4.0-py3-none-any.whl (165 kB)
Using cached huggingface_hub-1.30.0-py3-none-any.whl (796 kB)
Using cached click-8.5.0-py3-none-any.whl (125 kB)
Using cached hf_xet-1.6.0-cp38-abi3-manylinux2014_x86_64.manylinux_2_17_x86_64.whl (4.5 MB)
Using cached httpx-0.28.1-py3-none-any.whl (73 kB)
Using cached httpcore-1.0.9-py3-none-any.whl (78 kB)
Using cached h11-0.16.0-py3-none-any.whl (37 kB)
Downloading anyio-4.15.1-py3-none-any.whl (132 kB)
Using cached idna-3.19-py3-none-any.whl (68 kB)
Using cached certifi-2026.7.22-py3-none-any.whl (136 kB)
Using cached jupytext-1.19.5-py3-none-any.whl (229 kB)
Using cached markdown_it_py-4.2.0-py3-none-any.whl (91 kB)
Using cached mdurl-0.1.2-py3-none-any.whl (10.0 kB)
Using cached mdit_py_plugins-0.6.1-py3-none-any.whl (66 kB)
Using cached nbformat-5.11.1-py3-none-any.whl (79 kB)
Using cached fastjsonschema-2.22.2-py3-none-any.whl (27 kB)
Using cached jsonschema-4.26.0-py3-none-any.whl (90 kB)
Using cached attrs-26.1.0-py3-none-any.whl (67 kB)
Using cached jsonschema_specifications-2025.9.1-py3-none-any.whl (18 kB)
Using cached jupyter_core-5.9.1-py3-none-any.whl (29 kB)
Using cached platformdirs-4.11.7-py3-none-any.whl (23 kB)
Using cached referencing-0.37.0-py3-none-any.whl (26 kB)
Using cached rpds_py-2026.6.3-cp312-cp312-manylinux_2_17_x86_64.manylinux2014_x86_64.whl (366 kB)
Using cached traitlets-5.16.1-py3-none-any.whl (86 kB)
Using cached protobuf-7.36.1-cp310-abi3-manylinux2014_x86_64.whl (343 kB)
Using cached python_dateutil-2.9.0.post0-py2.py3-none-any.whl (229 kB)
Using cached six-1.17.0-py2.py3-none-any.whl (11 kB)
Using cached python_dotenv-1.2.3-py3-none-any.whl (22 kB)
Using cached python_slugify-8.0.4-py2.py3-none-any.whl (10 kB)
Using cached text_unidecode-1.3-py2.py3-none-any.whl (78 kB)
Using cached requests-2.34.2-py3-none-any.whl (73 kB)
Using cached charset_normalizer-3.5.1-cp312-cp312-manylinux2014_x86_64.manylinux_2_17_x86_64.manylinux_2_28_x86_64.whl (248 kB)
Using cached safetensors-0.8.0-cp310-abi3-manylinux_2_17_x86_64.manylinux2014_x86_64.whl (516 kB)
Using cached webencodings-0.6.1-py3-none-any.whl (8.7 kB)
Building wheels for collected packages: deep-doc-forgery
  Building editable for deep-doc-forgery (pyproject.toml): started
  Building editable for deep-doc-forgery (pyproject.toml): finished with status 'done'
  Created wheel for deep-doc-forgery: filename=deep_doc_forgery-0.5.0-0.editable-py3-none-any.whl size=20416 sha256=913c586d7b34397d95106c4e15437e1ca3b4e08e8a8dde44ed0e483fee2dfecd
  Stored in directory: /tmp/pip-ephem-wheel-cache-8rvcljop/wheels/e4/58/8c/ddc42097ca4d3b46371362f5b7e2ee3d209cc10c2bfc5d957a
Successfully built deep-doc-forgery
Installing collected packages: text-unidecode, jpegio, webencodings, urllib3, traitlets, tqdm, six, safetensors, ruff, rpds-py, PyYAML, python-slugify, python-dotenv, pygments, psutil, protobuf, pluggy, platformdirs, mdurl, lmdb, iniconfig, idna, hf-xet, h11, fastjsonschema, click, charset_normalizer, certifi, attrs, requests, referencing, python-dateutil, pytest, markdown-it-py, jupyter-core, httpcore, bleach, anyio, mdit-py-plugins, kagglesdk, jsonschema-specifications, httpx, jsonschema, huggingface_hub, nbformat, deep-doc-forgery, timm, jupytext, kaggle

Successfully installed PyYAML-6.0.3 anyio-4.15.1 attrs-26.1.0 bleach-6.4.0 certifi-2026.7.22 charset_normalizer-3.5.1 click-8.5.0 deep-doc-forgery-0.5.0 fastjsonschema-2.22.2 h11-0.16.0 hf-xet-1.6.0 httpcore-1.0.9 httpx-0.28.1 huggingface_hub-1.30.0 idna-3.19 iniconfig-2.3.0 jpegio-0.2.8 jsonschema-4.26.0 jsonschema-specifications-2025.9.1 jupyter-core-5.9.1 jupytext-1.19.5 kaggle-2.2.4 kagglesdk-0.1.37 lmdb-2.3.0 markdown-it-py-4.2.0 mdit-py-plugins-0.6.1 mdurl-0.1.2 nbformat-5.11.1 platformdirs-4.11.7 pluggy-1.6.0 protobuf-7.36.1 psutil-7.2.2 pygments-2.21.0 pytest-9.1.1 python-dateutil-2.9.0.post0 python-dotenv-1.2.3 python-slugify-8.0.4 referencing-0.37.0 requests-2.34.2 rpds-py-2026.6.3 ruff-0.16.6 safetensors-0.8.0 six-1.17.0 text-unidecode-1.3 timm-1.0.29 tqdm-4.70.0 traitlets-5.16.1 urllib3-2.7.0 webencodings-0.6.1
No broken requirements found.
Traceback (most recent call last):
  File "<frozen runpy>", line 198, in _run_module_as_main
  File "<frozen runpy>", line 88, in _run_code
  File "/home/fastlab/deepFakeDetection/DeepDocForgery/.venv-cuda/lib/python3.12/site-packages/pytest/__main__.py", line 9, in <module>
    raise SystemExit(_console_main())
                     ^^^^^^^^^^^^^^^
  File "/home/fastlab/deepFakeDetection/DeepDocForgery/.venv-cuda/lib/python3.12/site-packages/_pytest/config/__init__.py", line 253, in _console_main
    code = _main(prog=_get_prog_name(sys.argv))
           ^^^^^^^^^^^^^^^^^^^^^^^^^^^^^^^^^^^^
  File "/home/fastlab/deepFakeDetection/DeepDocForgery/.venv-cuda/lib/python3.12/site-packages/_pytest/config/__init__.py", line 223, in _main
    config = _prepareconfig(new_args, plugins, prog=prog)
             ^^^^^^^^^^^^^^^^^^^^^^^^^^^^^^^^^^^^^^^^^^^^
  File "/home/fastlab/deepFakeDetection/DeepDocForgery/.venv-cuda/lib/python3.12/site-packages/_pytest/config/__init__.py", line 410, in _prepareconfig
    config: Config = pluginmanager.hook.pytest_cmdline_parse(
                     ^^^^^^^^^^^^^^^^^^^^^^^^^^^^^^^^^^^^^^^^
  File "/home/fastlab/deepFakeDetection/DeepDocForgery/.venv-cuda/lib/python3.12/site-packages/pluggy/_hooks.py", line 512, in __call__
    return self._hookexec(self.name, self._hookimpls.copy(), kwargs, firstresult)
           ^^^^^^^^^^^^^^^^^^^^^^^^^^^^^^^^^^^^^^^^^^^^^^^^^^^^^^^^^^^^^^^^^^^^^^
  File "/home/fastlab/deepFakeDetection/DeepDocForgery/.venv-cuda/lib/python3.12/site-packages/pluggy/_manager.py", line 120, in _hookexec
    return self._inner_hookexec(hook_name, methods, kwargs, firstresult)
           ^^^^^^^^^^^^^^^^^^^^^^^^^^^^^^^^^^^^^^^^^^^^^^^^^^^^^^^^^^^^^
  File "/home/fastlab/deepFakeDetection/DeepDocForgery/.venv-cuda/lib/python3.12/site-packages/pluggy/_callers.py", line 167, in _multicall
    raise exception
  File "/home/fastlab/deepFakeDetection/DeepDocForgery/.venv-cuda/lib/python3.12/site-packages/pluggy/_callers.py", line 139, in _multicall
    teardown.throw(exception)
  File "/home/fastlab/deepFakeDetection/DeepDocForgery/.venv-cuda/lib/python3.12/site-packages/_pytest/helpconfig.py", line 124, in pytest_cmdline_parse
    config = yield
             ^^^^^
  File "/home/fastlab/deepFakeDetection/DeepDocForgery/.venv-cuda/lib/python3.12/site-packages/pluggy/_callers.py", line 121, in _multicall
    res = hook_impl.function(*args)
          ^^^^^^^^^^^^^^^^^^^^^^^^^
  File "/home/fastlab/deepFakeDetection/DeepDocForgery/.venv-cuda/lib/python3.12/site-packages/_pytest/config/__init__.py", line 1232, in pytest_cmdline_parse
    self.parse(args)
  File "/home/fastlab/deepFakeDetection/DeepDocForgery/.venv-cuda/lib/python3.12/site-packages/_pytest/config/__init__.py", line 1583, in parse
    self.pluginmanager.load_setuptools_entrypoints("pytest11")
  File "/home/fastlab/deepFakeDetection/DeepDocForgery/.venv-cuda/lib/python3.12/site-packages/pluggy/_manager.py", line 416, in load_setuptools_entrypoints
    plugin = ep.load()
             ^^^^^^^^^
  File "/usr/lib/python3.12/importlib/metadata/__init__.py", line 205, in load
    module = import_module(match.group('module'))
             ^^^^^^^^^^^^^^^^^^^^^^^^^^^^^^^^^^^^
  File "/usr/lib/python3.12/importlib/__init__.py", line 90, in import_module
    return _bootstrap._gcd_import(name[level:], package, level)
           ^^^^^^^^^^^^^^^^^^^^^^^^^^^^^^^^^^^^^^^^^^^^^^^^^^^^
  File "<frozen importlib._bootstrap>", line 1387, in _gcd_import
  File "<frozen importlib._bootstrap>", line 1360, in _find_and_load
  File "<frozen importlib._bootstrap>", line 1310, in _find_and_load_unlocked
  File "<frozen importlib._bootstrap>", line 488, in _call_with_frames_removed
  File "<frozen importlib._bootstrap>", line 1387, in _gcd_import
  File "<frozen importlib._bootstrap>", line 1360, in _find_and_load
  File "<frozen importlib._bootstrap>", line 1310, in _find_and_load_unlocked
  File "<frozen importlib._bootstrap>", line 488, in _call_with_frames_removed
  File "<frozen importlib._bootstrap>", line 1387, in _gcd_import
  File "<frozen importlib._bootstrap>", line 1360, in _find_and_load
  File "<frozen importlib._bootstrap>", line 1331, in _find_and_load_unlocked
  File "<frozen importlib._bootstrap>", line 935, in _load_unlocked
  File "<frozen importlib._bootstrap_external>", line 995, in exec_module
  File "<frozen importlib._bootstrap>", line 488, in _call_with_frames_removed
  File "/opt/ros/jazzy/lib/python3.12/site-packages/launch_testing/__init__.py", line 15, in <module>
    from . import tools
  File "/opt/ros/jazzy/lib/python3.12/site-packages/launch_testing/tools/__init__.py", line 18, in <module>
    from .process import launch_process
  File "/opt/ros/jazzy/lib/python3.12/site-packages/launch_testing/tools/process.py", line 17, in <module>
    import launch
  File "/opt/ros/jazzy/lib/python3.12/site-packages/launch/__init__.py", line 17, in <module>
    from . import actions
  File "/opt/ros/jazzy/lib/python3.12/site-packages/launch/actions/__init__.py", line 17, in <module>
    from .declare_launch_argument import DeclareLaunchArgument
  File "/opt/ros/jazzy/lib/python3.12/site-packages/launch/actions/declare_launch_argument.py", line 24, in <module>
    from ..frontend import Entity
  File "/opt/ros/jazzy/lib/python3.12/site-packages/launch/frontend/__init__.py", line 20, in <module>
    from .parser import InvalidFrontendLaunchFileError, Parser
  File "/opt/ros/jazzy/lib/python3.12/site-packages/launch/frontend/parser.py", line 35, in <module>
    from .parse_substitution import parse_if_substitutions
  File "/opt/ros/jazzy/lib/python3.12/site-packages/launch/frontend/parse_substitution.py", line 23, in <module>
    from lark import Lark
ModuleNotFoundError: No module named 'lark'
FAILED | CUDA setup | exit=1 | 2026-09-07T08:20:31Z
